 ColorBlender

 Timestamp is 5a52c11d (Mon Jan  8 09:53:49 2018)

 Preferred load address is 10000000

 Start         Length     Name                   Class
 0001:00000000 000277d7H .text$mn                CODE
 0002:00000000 00000118H .idata$5                DATA
 0002:00000118 00000004H .00cfg                  DATA
 0002:0000011c 00000004H .CRT$XCA                DATA
 0002:00000120 00000004H .CRT$XCZ                DATA
 0002:00000124 00000004H .CRT$XIA                DATA
 0002:00000128 00000004H .CRT$XIZ                DATA
 0002:0000012c 00000004H .CRT$XPA                DATA
 0002:00000130 00000004H .CRT$XPZ                DATA
 0002:00000134 00000004H .CRT$XTA                DATA
 0002:00000138 00000008H .CRT$XTZ                DATA
 0002:0000013c 00000000H .gfids$y                DATA
 0002:00000140 00001c88H .rdata                  DATA
 0002:00001dc8 00000138H .rdata$r                DATA
 0002:00001f00 00000004H .rdata$sxdata           DATA
 0002:00001f04 000002c8H .rdata$zzzdbg           DATA
 0002:000021cc 00000004H .rtc$IAA                DATA
 0002:000021d0 00000004H .rtc$IZZ                DATA
 0002:000021d4 00000004H .rtc$TAA                DATA
 0002:000021d8 00000008H .rtc$TZZ                DATA
 0002:000021e0 00000110H .xdata$x                DATA
 0002:000022f0 00002784H .edata                  DATA
 0002:00004a74 00000050H .idata$2                DATA
 0002:00004ac4 00000014H .idata$3                DATA
 0002:00004ad8 00000118H .idata$4                DATA
 0002:00004bf0 000004f6H .idata$6                DATA
 0003:00000000 00000144H .data                   DATA
 0003:00000144 0000007cH .data$r                 DATA
 0003:000001c0 00000568H .bss                    DATA
 0004:00000000 00000060H .rsrc$01                DATA
 0004:00000060 00000180H .rsrc$02                DATA

  Address         Publics by Value              Rva+Base       Lib:Object

 0000:00000000       ___guard_longjmp_table     00000000     <absolute>
 0000:00000000       ___guard_iat_count         00000000     <absolute>
 0000:00000000       ___hybrid_code_map_count   00000000     <absolute>
 0000:00000000       ___enclave_config          00000000     <absolute>
 0000:00000000       ___dynamic_value_reloc_table 00000000     <absolute>
 0000:00000000       ___hybrid_auxiliary_iat    00000000     <absolute>
 0000:00000000       ___guard_fids_table        00000000     <absolute>
 0000:00000000       ___guard_longjmp_count     00000000     <absolute>
 0000:00000000       ___guard_iat_table         00000000     <absolute>
 0000:00000000       ___guard_fids_count        00000000     <absolute>
 0000:00000000       ___hybrid_code_map         00000000     <absolute>
 0000:00000001       ___safe_se_handler_count   00000001     <absolute>
 0000:00000100       ___guard_flags             00000100     <absolute>
 0000:00000000       ___ImageBase               10000000     <linker-defined>
 0001:00000000       _RegionMeanColor@64        10001000 f   Analyze.obj
 0001:000002f0       _RegionMedianColor@36      100012f0 f   Analyze.obj
 0001:00000720       _RegionBrightestColor@36   10001720 f   Analyze.obj
 0001:00000950       _RegionDarkestColor@36     10001950 f   Analyze.obj
 0001:00000b90       _RegionLuminanceValue@36   10001b90 f   Analyze.obj
 0001:00000da0       ?Int32Comparer@@YAHPBX0@Z  10001da0 f   Analyze.obj
 0001:00000db0       _BayerDemosaic@28          10001db0 f   BayerDecoder.obj
 0001:00000e70       ?BayerNearestDemosaic@@YGHPAXHHH0H@Z 10001e70 f   BayerDecoder.obj
 0001:000012a0       ?BayerLinearDemosaic@@YGHPAXHHH0H@Z 100022a0 f   BayerDecoder.obj
 0001:00001b00       ?BayerCubicDemosaic@@YGHPAXHHH0H@Z 10002b00 f   BayerDecoder.obj
 0001:00001b70       _AddBorder@40              10002b70 f   Border.obj
 0001:00001fe0       _InPlaceReverseScanLine@8  10002fe0 f   Buffers.obj
 0001:00002050       _SwapPixel@8               10003050 f   Buffers.obj
 0001:00002090       _CopyBuffer3@12            10003090 f   Buffers.obj
 0001:000020e0       _CopyBuffer2@16            100030e0 f   Buffers.obj
 0001:00002170       _CopyHorizontalLine@28     10003170 f   Buffers.obj
 0001:00002240       _CopyVerticalLine@28       10003240 f   Buffers.obj
 0001:00002370       _CopyCircularBuffer@48     10003370 f   Buffers.obj
 0001:00002450       _ClearBuffer2@20           10003450 f   Buffers.obj
 0001:00002490       _CopyRegion@36             10003490 f   Buffers.obj
 0001:00002660       _PasteRegion@40            10003660 f   Buffers.obj
 0001:00002840       _PasteRegion2@40           10003840 f   Buffers.obj
 0001:00002a30       _PasteRegion3@32           10003a30 f   Buffers.obj
 0001:00002bd0       _PasteRegion4@40           10003bd0 f   Buffers.obj
 0001:00002db0       _CopyBufferToBuffer@20     10003db0 f   Buffers.obj
 0001:00002e90       _ClearBufferRegion2@36     10003e90 f   Buffers.obj
 0001:00002fb0       _SwapImageBuffers@20       10003fb0 f   Buffers.obj
 0001:00003090       _ClearBufferDWord@16       10004090 f   Buffers.obj
 0001:000030e0       _ExtractScanLine@28        100040e0 f   Buffers.obj
 0001:000031b0       _CopyBufferRegionPixel@32  100041b0 f   Buffers.obj
 0001:000032d0       _ChannelShift@20           100042d0 f   Channels.obj
 0001:00003410       _ChannelSwap@28            10004410 f   Channels.obj
 0001:00003600       _ChannelSwap3@24           10004600 f   Channels.obj
 0001:000037d0       _ChannelSwap4@36           100047d0 f   Channels.obj
 0001:00003bc0       _ChannelMigrate@36         10004bc0 f   Channels.obj
 0001:00003df0       _RandomChannelSwap@24      10004df0 f   Channels.obj
 0001:00003f40       _PixelMigrate@24           10004f40 f   Channels.obj
 0001:00003f50       _ChannelSwap2@28           10004f50 f   Channels.obj
 0001:00004270       _SelectRGBChannels@36      10005270 f   Channels.obj
 0001:00004410       _SelectHSLChannels@40      10005410 f   Channels.obj
 0001:00004750       _RGBCombine@32             10005750 f   Channels.obj
 0001:00004850       _ApplyBrightnessMap@24     10005850 f   Channels.obj
 0001:000049a0       _GammaCorrection@32        100059a0 f   Channels.obj
 0001:00004b20       _AdjustSaturation@28       10005b20 f   Channels.obj
 0001:00004cc0       _HighlightImageColor@44    10005cc0 f   Channels.obj
 0001:00004ef0       _AdjustImageHSL@44         10005ef0 f   Channels.obj
 0001:000051d0       ?shuffle@@YGXPAEI@Z        100061d0 f   Channels.obj
 0001:00005260       ?Random3@@YGXPAE00@Z       10006260 f   Channels.obj
 0001:00005310       ?Random4@@YGXPAE000@Z      10006310 f   Channels.obj
 0001:000053f0       ?BMask@@YGEH@Z             100063f0 f i Channels.obj
 0001:00005510       _PixelChannelRollingLogicalOperation@36 10006510 f   ColorBlender.obj
 0001:00005d30       _ApplyChannelMasks2@56     10006d30 f   ColorBlender.obj
 0001:00005f90       _ApplyChannelMasks@44      10006f90 f   ColorBlender.obj
 0001:00005fe0       _BlendColors@28            10006fe0 f   ColorBlender.obj
 0001:000061d0       _MergePlanes@24            100071d0 f   ColorBlender.obj
 0001:000063e0       _MergePlanes2@24           100073e0 f   ColorBlender.obj
 0001:000067b0       _MergePlanes3@24           100077b0 f   ColorBlender.obj
 0001:000069b0       _MergePlanes4@28           100079b0 f   ColorBlender.obj
 0001:00006e40       _SetAlpha@20               10007e40 f   ColorBlender.obj
 0001:00006ed0       _SetAlphaByBrightness@24   10007ed0 f   ColorBlender.obj
 0001:00007010       _BufferInverter4@68        10008010 f   ColorBlender.obj
 0001:000071c0       _BufferInverter3@24        100081c0 f   ColorBlender.obj
 0001:000072f0       _BufferInverter2@52        100082f0 f   ColorBlender.obj
 0001:00007500       _BufferInverter@40         10008500 f   ColorBlender.obj
 0001:000077d0       _CropBuffer@36             100087d0 f   ColorBlender.obj
 0001:00007950       _CropBuffer2@36            10008950 f   ColorBlender.obj
 0001:00007ab0       _CopyBufferRegion@36       10008ab0 f   ColorBlender.obj
 0001:00007ae0       _CreateBitMask@36          10008ae0 f   ColorBlender.obj
 0001:00007ba0       _CreateMask@44             10008ba0 f   ColorBlender.obj
 0001:00007d50       _CreateMaskFromLuminance@48 10008d50 f   ColorBlender.obj
 0001:00007eb0       _CreateAlphaMaskFromLuminance@36 10008eb0 f   ColorBlender.obj
 0001:00008060       _ClearBuffer@80            10009060 f   ColorBlender.obj
 0001:000081c0       _FillBufferWithBuffer@36   100091c0 f   ColorBlender.obj
 0001:00008330       _CopySubRegion@40          10009330 f   ColorBlender.obj
 0001:000083b0       ?ColorPointIndex@@YGHHHPAUAbsolutePointStruct@@H@Z 100093b0 f   ColorBlender.obj
 0001:00008400       ?ColorPercent2@@YGXNEEEEPAE000NN_N@Z 10009400 f   ColorBlender.obj
 0001:000084d0       ?InRange@@YGHHHHHN@Z       100094d0 f   ColorBlender.obj
 0001:00008500       ?AlphaBlend@@YGXXZ         10009500 f   ColorBlender.obj
 0001:00008510       ?MakeColor2@@YGXHHHHHPAUPureColorType@@PAE111@Z 10009510 f   ColorBlender.obj
 0001:00008720       ?ColorPointIndex2@@YGHHHPAUPureColorType@@H@Z 10009720 f   ColorBlender.obj
 0001:00008770       ?DrawPointIndicator@@YGXPAEHHHHPAUPureColorType@@@Z 10009770 f   ColorBlender.obj
 0001:000089e0       ?BlendColors2@@YG_NPAXHHHH0@Z 100099e0 f   ColorBlender.obj
 0001:00008b20       ?MakeDotIndices@@YGHHHHHHHHPAUAbsolutePointStruct@@H@Z 10009b20 f   ColorBlender.obj
 0001:00008bc0       ?PointInPlane@@YGHHHPAUPlaneSetStruct@@@Z 10009bc0 f   ColorBlender.obj
 0001:00008c10       ?ProcessInitialize@@YGXXZ  10009c10 f   ColorBlender.obj
 0001:00008c20       _DllMain@12                10009c20 f   ColorBlender.obj
 0001:00008c50       ?Distance@@YGNHHHH@Z       10009c50 f i ColorBlender.obj
 0001:00008cb0       ?PixelLuminance@@YGNEEE@Z  10009cb0 f i ColorBlender.obj
 0001:00008d00       ?PixelLuminanceSc@@YGNNNN@Z 10009d00 f i ColorBlender.obj
 0001:00008d50       _ColorLuminance@12         10009d50 f i ColorBlender.obj
 0001:00008dd0       ?ColorMap1Region@@YGHPAX0HHH0HHHHHI@Z 10009dd0 f   ColorMapping.obj
 0001:00008de0       ?ColorMap1@@YGHPAX0HHH0@Z  10009de0 f   ColorMapping.obj
 0001:00008e20       ?ColorLuminance3@@YGNIH@Z  10009e20 f   Colors.obj
 0001:00008f60       ?NormalizedColorLuminance@@YGNEEEH@Z 10009f60 f   Colors.obj
 0001:00008fa0       _RYBtoRGB@36               10009fa0 f   Colors.obj
 0001:000093c0       _RGBtoRYB@36               1000a3c0 f   Colors.obj
 0001:000096e0       _RGBtoYCgCo@36             1000a6e0 f   Colors.obj
 0001:00009780       _YCgCotoRGB@36             1000a780 f   Colors.obj
 0001:000097d0       _YDbDrToRGB@36             1000a7d0 f   Colors.obj
 0001:00009860       _RGBtoYDbDr@36             1000a860 f   Colors.obj
 0001:00009910       _RGBtoTSL@36               1000a910 f   Colors.obj
 0001:00009a40       _TSLtoRGB@36               1000aa40 f   Colors.obj
 0001:00009c10       _YCbCrtoRGB@36             1000ac10 f   Colors.obj
 0001:00009ca0       _RGBtoYCbCr@36             1000aca0 f   Colors.obj
 0001:00009d60       _RGBtoHSL@36               1000ad60 f   Colors.obj
 0001:00009fe0       _RGBtoHSL2@24              1000afe0 f   Colors.obj
 0001:0000a040       _HSLtoRGB@36               1000b040 f   Colors.obj
 0001:0000a2b0       _HSLtoRGB2@36              1000b2b0 f   Colors.obj
 0001:0000a350       _RGBtoHSV@36               1000b350 f   Colors.obj
 0001:0000a550       _HSVtoRGB@36               1000b550 f   Colors.obj
 0001:0000a750       _RGBtoYIQ@36               1000b750 f   Colors.obj
 0001:0000a800       _YIQtoRGB@36               1000b800 f   Colors.obj
 0001:0000a8b0       _RGBtoXYZ@36               1000b8b0 f   Colors.obj
 0001:0000a960       _XYZtoRGB@36               1000b960 f   Colors.obj
 0001:0000aa10       _RGBtoCMY@36               1000ba10 f   Colors.obj
 0001:0000aa60       _CMYtoRGB@36               1000ba60 f   Colors.obj
 0001:0000aab0       _CMYtoCMYK@40              1000bab0 f   Colors.obj
 0001:0000abc0       _CMYKtoCMY@44              1000bbc0 f   Colors.obj
 0001:0000ac30       _RGBtoCMYK@40              1000bc30 f   Colors.obj
 0001:0000adf0       _CMYKtoRGB@44              1000bdf0 f   Colors.obj
 0001:0000ae80       _XYZtoCIELab@36            1000be80 f   Colors.obj
 0001:0000afd0       _CIELABtoXYZ@36            1000bfd0 f   Colors.obj
 0001:0000b140       _RGBtoCIELAB@36            1000c140 f   Colors.obj
 0001:0000b1c0       _CIELABtoRGB@36            1000c1c0 f   Colors.obj
 0001:0000b240       _RGBtoYUV@36               1000c240 f   Colors.obj
 0001:0000b2f0       _YUVtoRGB@36               1000c2f0 f   Colors.obj
 0001:0000b390       _ColorLuminance2@16        1000c390 f   Colors.obj
 0001:0000b430       _SetPixelLuminance@20      1000c430 f   Colors.obj
 0001:0000b4a0       _GetPixelLuminance@12      1000c4a0 f   Colors.obj
 0001:0000b4d0       _GetPixelSaturation@12     1000c4d0 f   Colors.obj
 0001:0000b500       _GetPixelHue@12            1000c500 f   Colors.obj
 0001:0000b530       _ChangeHue@16              1000c530 f   Colors.obj
 0001:0000b5f0       _AdjustHue@16              1000c5f0 f   Colors.obj
 0001:0000b6b0       _ClampHue@16               1000c6b0 f   Colors.obj
 0001:0000b710       _ShiftHue@16               1000c710 f   Colors.obj
 0001:0000b810       _RGBtoHue@24               1000c810 f   Colors.obj
 0001:0000b860       _RGBtoHue2@12              1000c860 f   Colors.obj
 0001:0000b8c0       ?CubicInt@@YGNNNN@Z        1000c8c0 f   Colors.obj
 0001:0000b920       ?XYZtoCIULUV@@YGXNNNPAN00@Z 1000c920 f   Colors.obj
 0001:0000b9a0       ?RGBTo@@YGHNNNPAN000E@Z    1000c9a0 f   Colors.obj
 0001:0000bb90       ?ColorSpaceConversion@@YGHNNNNPAN000EE@Z 1000cb90 f   Colors.obj
 0001:0000bbf0       ?ConvertBuffer@@YGHPAXHHHHH@Z 1000cbf0 f   Colors.obj
 0001:0000be00       _atanf                     1000ce00 f i Colors.obj
 0001:0000be20       _sqrtf                     1000ce20 f i Colors.obj
 0001:0000be50       _ConvertColorSpace@24      1000ce50 f   ColorSpaceConverter.obj
 0001:0000c470       _RenderDisplayList@24      1000d470 f   CommonRenderer.obj
 0001:0000c8d0       ?RenderColorBlobEx@@YGHPAUColorBlobParameters@@PAUCommonObject@@@Z 1000d8d0 f   CommonRenderer.obj
 0001:0000cc10       ?RenderColorBlock@@YGHPAUColorBlockParameters@@PAUCommonObject@@@Z 1000dc10 f   CommonRenderer.obj
 0001:0000cd80       ?RenderLinePlot@@YGHPAULinePlotParameters@@PAUCommonObject@@@Z 1000dd80 f   CommonRenderer.obj
 0001:0000cf30       ?CommonObjectRenderer@@YGHPAEHHHPAUCommonObject@@H@Z 1000df30 f   CommonRenderer.obj
 0001:0000d340       ?UpdateBufferAlpha@@YGHPAEHHHPAUMassAlphaParameters@@@Z 1000e340 f   CommonRenderer.obj
 0001:0000d4d0       ?InvertRenderBuffer@@YGHPAEHHHPAUInversionParameters@@@Z 1000e4d0 f   CommonRenderer.obj
 0001:0000d7b0       ?ClearRenderBuffer@@YGHPAEHHHPAUBufferClearParameters@@@Z 1000e7b0 f   CommonRenderer.obj
 0001:0000d950       ?MakeObjectList@@YGPAUCommonObject@@H@Z 1000e950 f   CommonRenderer.obj
 0001:0000d990       ?DeleteObjectList@@YGXPAUCommonObject@@H@Z 1000e990 f   CommonRenderer.obj
 0001:0000da10       ?memchr@@YAPAXPAXHI@Z      1000ea10 f i CommonRenderer.obj
 0001:0000da40       _ImageDeltaComparisonRegion@40 1000ea40 f   Comparitors.obj
 0001:0000db50       _ImageDeltaComparison@24   1000eb50 f   Comparitors.obj
 0001:0000db90       _Compositor@24             1000eb90 f   Compositor.obj
 0001:0000de50       _SilhouetteIf@80           1000ee50 f   ConditionalSilhouette.obj
 0001:0000e1d0       _ErrorConstantToString@4   1000f1d0 f   Constants.obj
 0001:0000e480       _MasterConvolveWithKernel@88 1000f480 f   Convolution.obj
 0001:0000eae0       _ConvolveWithKernel3@72    1000fae0 f   Convolution.obj
 0001:0000eb50       _ConvolveWithKernel2@52    1000fb50 f   Convolution.obj
 0001:0000ebc0       _ImageCrop@36              1000fbc0 f   Cropping.obj
 0001:0000ee10       _Deinterlace@24            1000fe10 f   Deinterlace.obj
 0001:0000f0e0       ?PixelIsColor@@YGHPAXHEEE@Z 100100e0 f   Deinterlace.obj
 0001:0000f140       ?PixelIsCloseToColor@@YGHPAXHEEEE@Z 10010140 f   Deinterlace.obj
 0001:0000f1d0       ?MeanOfTwoPixels@@YGHPAXHHPAE111@Z 100101d0 f   Deinterlace.obj
 0001:0000f2c0       _ExecuteDisplayList@24     100102c0 f   DisplayList.obj
 0001:0000f410       _HorizontalMirrorPixelRegion@32 10010410 f   Distortion.obj
 0001:0000f4d0       _HorizontalMirrorPixel@16  100104d0 f   Distortion.obj
 0001:0000f500       _HorizontalMirrorByte@28   10010500 f   Distortion.obj
 0001:0000f5e0       _VerticalMirrorPixelRegion@32 100105e0 f   Distortion.obj
 0001:0000f6a0       _VerticalMirrorPixel@16    100106a0 f   Distortion.obj
 0001:0000f6d0       _VerticalMirrorByte@28     100106d0 f   Distortion.obj
 0001:0000f800       _ULtoLRPixel@16            10010800 f   Distortion.obj
 0001:0000f880       _ULtoLRByte@28             10010880 f   Distortion.obj
 0001:0000f910       _SquishImage@40            10010910 f   Distortion.obj
 0001:0000fa30       _ClearBufferRegion@36      10010a30 f   Distortion.obj
 0001:0000fb50       ?ULtoLRRegion@@YGHPAXHH0HHHH@Z 10010b50 f   Distortion.obj
 0001:0000fbf0       ?TranslateRegionInImage@@YGHPAXHHH0HHHHHHHI@Z 10010bf0 f   Distortion.obj
 0001:0000fe10       _DoDither@28               10010e10 f   Dither.obj
 0001:00010060       ?FloydSteinbergDither@@YGHPAXHHH0PAEH@Z 10011060 f   Dither.obj
 0001:000102f0       ?FalseFloydSteinbergDither@@YGHPAXHHH0PAEH@Z 100112f0 f   Dither.obj
 0001:00010500       ?AtkinsonDither@@YGHPAXHHH0PAEH@Z 10011500 f   Dither.obj
 0001:00010830       _ConvertGray8ToBGRA32@20   10011830 f   FormatConversion.obj
 0001:00010920       _AccumulateDoubleBlock@20  10011920 f   FullBufferFunctions.obj
 0001:00010a60       _ConvertBlockToDouble@20   10011a60 f   FullBufferFunctions.obj
 0001:00010b90       _ByteBlockOperationByChannel@44 10011b90 f   FullBufferFunctions.obj
 0001:00011930       _ByteBlocksOperation@32    10012930 f   FullBufferFunctions.obj
 0001:00012d30       _MassImageArithmetic@32    10013d30 f   FullBufferFunctions.obj
 0001:00013060       _ByteBlockOperation@32     10014060 f   FullBufferFunctions.obj
 0001:000130a0       _DoubleBlockOperation@32   100140a0 f   FullBufferFunctions.obj
 0001:00013380       _ChannelShiftBits@32       10014380 f   FullBufferFunctions.obj
 0001:00013510       _ChannelRollBits@32        10014510 f   FullBufferFunctions.obj
 0001:00013620       _PixelSum@8                10014620 f   FullBufferFunctions.obj
 0001:00013740       _PixelSumDouble@24         10014740 f   FullBufferFunctions.obj
 0001:00013820       _MeanPixel@8               10014820 f   FullBufferFunctions.obj
 0001:00013920       _MedianPixel@8             10014920 f   FullBufferFunctions.obj
 0001:00013b90       _BrightestPixel@8          10014b90 f   FullBufferFunctions.obj
 0001:00013c20       _DarkestPixel@8            10014c20 f   FullBufferFunctions.obj
 0001:00013cb0       _ClosestPixelLuminance@16  10014cb0 f   FullBufferFunctions.obj
 0001:00013d60       _LeastClosestPixelLuminance@16 10014d60 f   FullBufferFunctions.obj
 0001:00013e00       _SmallestAlphaPixel@8      10014e00 f   FullBufferFunctions.obj
 0001:00013e80       _GreatestAlphaPixel@8      10014e80 f   FullBufferFunctions.obj
 0001:00013f00       _ClosestAlphaPixel@12      10014f00 f   FullBufferFunctions.obj
 0001:00013fa0       _FarthestAlphaPixel@12     10014fa0 f   FullBufferFunctions.obj
 0001:00014040       ?MakeMasqk@@YGHHH@Z        10015040 f   FullBufferFunctions.obj
 0001:000140a0       ?MakeMask@@YGEEE@Z         100150a0 f   FullBufferFunctions.obj
 0001:000140e0       ?RotateRight@@YGEEH@Z      100150e0 f   FullBufferFunctions.obj
 0001:00014100       ?PixelLogicalOperation@@YGIPAIHH@Z 10015100 f   FullBufferFunctions.obj
 0001:00014260       ?MakeColor@@YGXHHHHNHPAUPureColorStruct@@PAUAbsolutePointStruct@@PAE22@Z 10015260 f   Gradients.obj
 0001:00014380       _Gradient@24               10015380 f   Gradients.obj
 0001:00014410       ?GradientX@@YGHPAXHHH0H@Z  10015410 f   Gradients.obj
 0001:00014630       ?ColorPercent@@YGXNEEEPAE00_N@Z 10015630 f   Gradients.obj
 0001:000146c0       _BufferGrayscaleRegion@48  100156c0 f   Grayscale.obj
 0001:00014de0       _BufferGrayscale@24        10015de0 f   Grayscale.obj
 0001:00014e20       _GrayLevelsRegion@48       10015e20 f   Grayscale.obj
 0001:000150f0       _GrayLevels@24             100160f0 f   Grayscale.obj
 0001:00015130       _ColorLevelsRegion@48      10016130 f   Grayscale.obj
 0001:00015400       _ColorLevels@24            10016400 f   Grayscale.obj
 0001:00015440       _CreateHistogramRegion@72  10016440 f   Histogram.obj
 0001:00015890       _CreateHistogram@56        10016890 f   Histogram.obj
 0001:000158f0       _NormalizedRGBtoHSL@36     100168f0 f   HSL.obj
 0001:00015b70       _RGB8ToHSL@24              10016b70 f   HSL.obj
 0001:00015c00       _HSLtoNormalizedRGB@36     10016c00 f   HSL.obj
 0001:00015e50       _HSLtoRGB8@36              10016e50 f   HSL.obj
 0001:00015ef0       _CircularDouble@24         10016ef0 f   HSL.obj
 0001:00015fd0       _CircularDouble360@8       10016fd0 f   HSL.obj
 0001:00016010       _GetHSLImage@20            10017010 f   HSLAdjustments.obj
 0001:00016150       _MakeRGBFromHSL@24         10017150 f   HSLAdjustments.obj
 0001:000162c0       _ImageHueShift@24          100172c0 f   HSLAdjustments.obj
 0001:000163e0       _AdjustImageHSLValues@44   100173e0 f   HSLAdjustments.obj
 0001:00016600       _Silly_SwapSaturationLuminance@20 10017600 f   HSLAdjustments.obj
 0001:00016780       _RestrictHSL@44            10017780 f   HSLAdjustments.obj
 0001:00016970       _HSLColorReduction@48      10017970 f   HSLAdjustments.obj
 0001:00016bb0       _HSLBulkSet@56             10017bb0 f   HSLAdjustments.obj
 0001:00016d50       _HSLConditionalModify@28   10017d50 f   HSLAdjustments.obj
 0001:00017050       _RGBtoHSLtoRGB@20          10018050 f   HSLAdjustments.obj
 0001:000171c0       _RGBImageToHueImage@20     100181c0 f   HSLAdjustments.obj
 0001:00017320       _RGBImageToSaturationImage@20 10018320 f   HSLAdjustments.obj
 0001:00017470       _RGBImageToLuminanceImage@20 10018470 f   HSLAdjustments.obj
 0001:000175c0       _RGBImageToSLImage@20      100185c0 f   HSLAdjustments.obj
 0001:00017730       _RestrictHues2@28          10018730 f   HSLAdjustments.obj
 0001:00017900       _RestrictHueRange@36       10018900 f   HSLAdjustments.obj
 0001:00017af0       ?DoRestrict@@YGNNNH@Z      10018af0 f   HSLAdjustments.obj
 0001:00017b60       ?RoundToClosest@@YGNNN@Z   10018b60 f   HSLAdjustments.obj
 0001:00017c20       ?ModifyHSLValue@@YGNNNHNN@Z 10018c20 f   HSLAdjustments.obj
 0001:00017d00       _floorf                    10018d00 f i HSLAdjustments.obj
 0001:00017e30       _ShuffleRows@28            10018e30 f   ImageMangling.obj
 0001:00017f40       _ChannelMerge@28           10018f40 f   ImageManipulation.obj
 0001:00018040       _ChannelMergeAlpha@32      10019040 f   ImageManipulation.obj
 0001:00018160       _CombineChannels32@32      10019160 f   ImageManipulation.obj
 0001:00018280       _HSLChannelMerge@28        10019280 f   ImageManipulation.obj
 0001:00018380       _SplitImageIntoChannels@32 10019380 f   ImageManipulation.obj
 0001:00018560       _SplitImageIntoHSLChannels@32 10019560 f   ImageManipulation.obj
 0001:00018740       _RollingMeanChannels@28    10019740 f   ImageManipulation.obj
 0001:00018790       _RollingMeanChannels2@36   10019790 f   ImageManipulation.obj
 0001:00018bf0       _SortChannels2@32          10019bf0 f   ImageManipulation.obj
 0001:00018e20       _SortChannels@32           10019e20 f   ImageManipulation.obj
 0001:00019190       _SolarizeImage@32          1001a190 f   ImageManipulation.obj
 0001:00019360       _AlphaSolarizeImage@28     1001a360 f   ImageManipulation.obj
 0001:000194a0       _AlphaSolarizeImage2@28    1001a4a0 f   ImageManipulation.obj
 0001:00019590       _InvertImageRegion@48      1001a590 f   ImageManipulation.obj
 0001:000197c0       _InvertImage@24            1001a7c0 f   ImageManipulation.obj
 0001:00019800       _ImageMeanColorRegion@36   1001a800 f   ImageManipulation.obj
 0001:00019ac0       _ImageMeanColor@20         1001aac0 f   ImageManipulation.obj
 0001:00019b00       _MeanImageColorRegion@44   1001ab00 f   ImageManipulation.obj
 0001:00019d70       _MeanImageColor@20         1001ad70 f   ImageManipulation.obj
 0001:00019db0       _BrightnessMapRegion@44    1001adb0 f   ImageManipulation.obj
 0001:00019fe0       _BrightnessMap@20          1001afe0 f   ImageManipulation.obj
 0001:0001a020       _AutoContrastRegion@52     1001b020 f   ImageManipulation.obj
 0001:0001a330       _AutoContrast@28           1001b330 f   ImageManipulation.obj
 0001:0001a380       _AutoSaturateRegion@48     1001b380 f   ImageManipulation.obj
 0001:0001a840       _AutoSaturate@24           1001b840 f   ImageManipulation.obj
 0001:0001a880       _ColorThreshold0@36        1001b880 f   ImageManipulation.obj
 0001:0001aa50       _ColorThreshold@36         1001ba50 f   ImageManipulation.obj
 0001:0001abf0       _ColorThreshold2@44        1001bbf0 f   ImageManipulation.obj
 0001:0001adc0       _ColorThreshold3@28        1001bdc0 f   ImageManipulation.obj
 0001:0001b0f0       _SepiaToneRegion@44        1001c0f0 f   ImageManipulation.obj
 0001:0001b4d0       _SepiaTone@20              1001c4d0 f   ImageManipulation.obj
 0001:0001b510       _MeanImageColorValue@16    1001c510 f   ImageManipulation.obj
 0001:0001b6b0       _MeanImageColor2@28        1001c6b0 f   ImageManipulation.obj
 0001:0001b7e0       _ImageCombine@24           1001c7e0 f   ImageSplitter.obj
 0001:0001b900       _ImageSplit@20             1001c900 f   ImageSplitter.obj
 0001:0001b9f0       _IsolateHues@44            1001c9f0 f   IsolateHues.obj
 0001:0001be20       ?SimpleVerticalKaleidoscope@@YGHPAXHH0H@Z 1001ce20 f   Kaleidoscopic.obj
 0001:0001bfd0       ?SimpleHorizontalKaleidoscope@@YGHPAXHH0H@Z 1001cfd0 f   Kaleidoscopic.obj
 0001:0001c0d0       _InvertLuminance@28        1001d0d0 f   Luminance.obj
 0001:0001c280       _AlphaSolarize@28          1001d280 f   Masks.obj
 0001:0001c3b0       _AlphaMaskImage@24         1001d3b0 f   Masks.obj
 0001:0001c4b0       _MaskByColor@32            1001d4b0 f   Masks.obj
 0001:0001c650       _AlphaFromLuminance@24     1001d650 f   Masks.obj
 0001:0001c820       _MaskImageFromImageLuminance@36 1001d820 f   Masks.obj
 0001:0001c9c0       _ConditionalAlphaFromLuminance@36 1001d9c0 f   Masks.obj
 0001:0001cb90       _SetAlphaChannel@24        1001db90 f   Masks.obj
 0001:0001cc70       _SetAlphaChannelInPlace@20 1001dc70 f   Masks.obj
 0001:0001cd00       _ActionByFrequency@68      1001dd00 f   Masks.obj
 0001:0001cfe0       ?ApplyAlphaFromImage@@YGHPAX0HHH0@Z 1001dfe0 f   Masks.obj
 0001:0001d0d0       _ReturnUniqueColors@24     1001e0d0 f   Metrics.obj
 0001:0001d260       _CountUniqueColors@16      1001e260 f   Metrics.obj
 0001:0001d3b0       ?GetLargestQuantities@@YGHPAIHHPAUColorResult@@@Z 1001e3b0 f   Metrics.obj
 0001:0001d4b0       _PixelMathLogicalOperation@44 1001e4b0 f   PixelMath.obj
 0001:0001d630       _PixelMathOperation@48     1001e630 f   PixelMath.obj
 0001:0001d7a0       ?ExecuteOperation@@YGEEHH@Z 1001e7a0 f   PixelMath.obj
 0001:0001d950       ?ExecuteOperation2@@YGEEHHH@Z 1001e950 f   PixelMath.obj
 0001:0001db90       _Octree@28                 1001eb90 f   Quantization.obj
 0001:0001dbd0       _ReduceColors@28           1001ebd0 f   Quantization.obj
 0001:0001dd00       _ReduceColor@8             1001ed00 f   Quantization.obj
 0001:0001dd10       _ReduceColor2@16           1001ed10 f   Quantization.obj
 0001:0001dd40       _MedianCut@20              1001ed40 f   Quantization.obj
 0001:0001dd70       _MedianCutToIndexed@28     1001ed70 f   Quantization.obj
 0001:0001ddc0       _OverallBrightness@16      1001edc0 f   Quantization.obj
 0001:0001ddf0       ?OverallBrightnessRegion@@YGNPAXHHHHHHH@Z 1001edf0 f   Quantization.obj
 0001:0001df40       _RegionalOperation@48      1001ef40 f   Regional.obj
 0001:0001e5f0       _DrawRectangle2_Validate@28 1001f5f0 f   Render.obj
 0001:0001e6b0       _DrawRectangle2@32         1001f6b0 f   Render.obj
 0001:0001e7a0       _DrawRectangle_Validate@32 1001f7a0 f   Render.obj
 0001:0001e870       _DrawRectangle@36          1001f870 f   Render.obj
 0001:0001e980       _OverlayGrid@28            1001f980 f   Render.obj
 0001:0001ea40       _DrawBlocks@28             1001fa40 f   Render.obj
 0001:0001ee80       _DrawLine@40               1001fe80 f   Render.obj
 0001:0001eef0       _DrawAnyLine2@44           1001fef0 f   Render.obj
 0001:0001f020       _RenderColorBlob@32        10020020 f   Render.obj
 0001:0001f2c0       _DrawHorizontalLine@36     100202c0 f   Render.obj
 0001:0001f390       _DrawVerticalLine@36       10020390 f   Render.obj
 0001:0001f460       _DrawAnyLine@56            10020460 f   Render.obj
 0001:0001f4c0       ?OverlayGridX@@YGHPAXHHH0HHI@Z 100204c0 f   Render.obj
 0001:0001f630       ?DrawVerticalLine@@YGXPAEHHHHPAUPureColorType@@@Z 10020630 f   Render.obj
 0001:0001f6e0       ?DrawHorizontalLine@@YGXPAEHHHHPAUPureColorType@@@Z 100206e0 f   Render.obj
 0001:0001f790       _RotateBufferRight@32      10020790 f   Rotations.obj
 0001:0001f8c0       _ImageRotateRightBy@28     100208c0 f   Rotations.obj
 0001:0001f950       _ImageRotateRight90@24     10020950 f   Rotations.obj
 0001:0001fa40       _ImageRotateRight180@24    10020a40 f   Rotations.obj
 0001:0001fb30       _ImageRotateRight270@24    10020b30 f   Rotations.obj
 0001:0001fc20       _CardinalImageRotate@36    10020c20 f   Rotations.obj
 0001:0001fc90       _ImageRotate@44            10020c90 f   Rotations.obj
 0001:0001fd80       _ImageRotate90@24          10020d80 f   Rotations.obj
 0001:0001ffb0       _ScaleImage@32             10020fb0 f   Scaling.obj
 0001:00020080       _NearestNeighborScaling@28 10021080 f   Scaling.obj
 0001:000201c0       _BilinearScaling@28        100211c0 f   Scaling.obj
 0001:00020580       _SegmentizeImage@40        10021580 f   Segment.obj
 0001:00020a30       _SegmentBlocks@72          10021a30 f   Segments.obj
 0001:00020eb0       _SegmentBlocks2@52         10021eb0 f   Segments.obj
 0001:00021130       _SegmentDrawColorShape@68  10022130 f   Segments.obj
 0001:00021910       _SegmentDrawColorShape2@80 10022910 f   Segments.obj
 0001:00021ce0       ?PointInEllipse@@YGHHHHHHH@Z 10022ce0 f   Segments.obj
 0001:00021da0       _AlignChannels@28          10022da0 f   SIMD_ChannelAlign.obj
 0001:00021ec0       _AlignChannels2@32         10022ec0 f   SIMD_ChannelAlign.obj
 0001:00022010       _AssembleFromChannels@28   10023010 f   SIMD_ChannelAlign.obj
 0001:00022120       _AssembleFromChannels2@32  10023120 f   SIMD_ChannelAlign.obj
 0001:00022250       _LinearizeChannelsIntoImage@36 10023250 f   SIMD_ChannelAlign.obj
 0001:00022450       _GetPixelAtLocation@20     10023450 f   SinglePixels.obj
 0001:000224d0       _GetPixelAtLocation2@24    100234d0 f   SinglePixels.obj
 0001:000225b0       _InitializeErrorStack@4    100235b0 f   Stack.obj
 0001:00022600       _SetSeparator@4            10023600 f   Stack.obj
 0001:00022660       _GetSeparator@0            10023660 f   Stack.obj
 0001:00022670       _ErrorStackPush@8          10023670 f   Stack.obj
 0001:00022740       _ErrorStackPush2@12        10023740 f   Stack.obj
 0001:00022890       _ErrorStackPush3@4         10023890 f   Stack.obj
 0001:000228f0       _ErrorStackPushReturn@8    100238f0 f   Stack.obj
 0001:000229c0       _ErrorStackPushReturn2@12  100239c0 f   Stack.obj
 0001:00022b20       _AssembleErrorStack@8      10023b20 f   Stack.obj
 0001:00022d70       _ErrorTop@0                10023d70 f   Stack.obj
 0001:00022d80       _ErrorTop2@4               10023d80 f   Stack.obj
 0001:00022dd0       _ErrorPop@0                10023dd0 f   Stack.obj
 0001:00022de0       _ErrorPop2@4               10023de0 f   Stack.obj
 0001:00022e40       _PopErrorCode@0            10023e40 f   Stack.obj
 0001:00022eb0       _ErrorStackClear@0         10023eb0 f   Stack.obj
 0001:00022f20       _ErrorStackEmpty@0         10023f20 f   Stack.obj
 0001:00022f50       _ErrorStackFull@0          10023f50 f   Stack.obj
 0001:00022f80       _FirstEmptyIndex@0         10023f80 f   Stack.obj
 0001:00022fc0       _ErrorStackTopIndex@0      10023fc0 f   Stack.obj
 0001:00022ff0       _ErrorStackSize@0          10023ff0 f   Stack.obj
 0001:00023010       _GetErrorStackCapacity@0   10024010 f   Stack.obj
 0001:00023020       _CanPush@0                 10024020 f   Stack.obj
 0001:00023050       ??$__vcrt_va_start_verify_argument_type@QBD@@YGXXZ 10024050 f i Stack.obj
 0001:00023060       ??$strcpy_s@$0GE@@@YAHAAY0GE@DPBD@Z 10024060 f i Stack.obj
 0001:00023080       ___local_stdio_printf_options 10024080 f i Stack.obj
 0001:00023090       __vsnprintf_l              10024090 f i Stack.obj
 0001:000230f0       __vsprintf_l               100240f0 f i Stack.obj
 0001:00023110       _sprintf                   10024110 f i Stack.obj
 0001:00023150       _RandomizeImageBitsRegion@60 10024150 f   Steganography.obj
 0001:00023350       _RandomizeImageBits1@44    10024350 f   Steganography.obj
 0001:000233a0       _RandomizeImageBits2@28    100243a0 f   Steganography.obj
 0001:000233f0       _AddDataToRegion@72        100243f0 f   Steganography.obj
 0001:00023580       _AddData1@56               10024580 f   Steganography.obj
 0001:000235e0       _AddData2@48               100245e0 f   Steganography.obj
 0001:00023640       _AddData3@32               10024640 f   Steganography.obj
 0001:00023690       _AddStringToRegion@72      10024690 f   Steganography.obj
 0001:00023750       _AddString1@56             10024750 f   Steganography.obj
 0001:000237b0       _AddString2@48             100247b0 f   Steganography.obj
 0001:00023810       _AddString3@32             10024810 f   Steganography.obj
 0001:00023860       _BytesRequiredToFit@8      10024860 f   Steganography.obj
 0001:00023890       _CanFit@48                 10024890 f   Steganography.obj
 0001:00023940       _DataMerge@48              10024940 f   Steganography.obj
 0001:00023e00       ?RandomizeByte@@YGEEEI@Z   10024e00 f   Steganography.obj
 0001:00023e50       ?BytePerCharacter@@YGHE@Z  10024e50 f   Steganography.obj
 0001:00023ea0       ?SwapBytes@@YGXAAE0@Z      10024ea0 f   Steganography.obj
 0001:00023f00       ?SetBits@@YGEEEE@Z         10024f00 f   Steganography.obj
 0001:00023f30       ?MaskOffset@@YGHE@Z        10024f30 f   Steganography.obj
 0001:00023f90       ?GetBits@@YGEEE@Z          10024f90 f   Steganography.obj
 0001:00023fc0       ?SplitData@@YGXPAXHEPAEAAH@Z 10024fc0 f   Steganography.obj
 0001:00024050       ?MakeHeader@@YGHEIPAE@Z    10025050 f   Steganography.obj
 0001:00024500       _SteganographyAddStream@68 10025500 f   Steganography2.obj
 0001:00024690       _SteganographyAddConstant@60 10025690 f   Steganography2.obj
 0001:000247c0       _SteganographyAddString@64 100257c0 f   Steganography2.obj
 0001:00024820       _SteganographyFastAddString@40 10025820 f   Steganography2.obj
 0001:00024860       _SteganographyAddImage@72  10025860 f   Steganography2.obj
 0001:000248d0       _SteganographyFastAddImage@48 100258d0 f   Steganography2.obj
 0001:00024920       _SteganographyGetConstant@44 10025920 f   Steganography2.obj
 0001:00024a40       _SteganographyPresent@8    10025a40 f   Steganography2.obj
 0001:00024a60       _ExtractSteganographicHeader@12 10025a60 f   Steganography2.obj
 0001:00024a80       _GetSteganographicType@8   10025a80 f   Steganography2.obj
 0001:00024b10       ?CreateStream@@YGPAEPAEHHPAH@Z 10025b10 f   Steganography2.obj
 0001:00024c50       ?SteganographyAddBinaryData@@YGHPAXHHH0HHH0HHHHHHH@Z 10025c50 f   Steganography2.obj
 0001:00024cb0       ?BinaryMatch@@YGHPAEH@Z    10025cb0 f   Steganography2.obj
 0001:00024d10       ?SearchForSteganographicHeader@@YGHPAXHPAH@Z 10025d10 f   Steganography2.obj
 0001:00024d70       ?ExtractPixelData@@YGEEE@Z 10025d70 f i Steganography2.obj
 0001:00024db0       ?MergePixelData@@YGEEEE@Z  10025db0 f i Steganography2.obj
 0001:00024e10       _RenderRandomColorRectangle@52 10025e10 f   TestImageRenderer.obj
 0001:00024f20       _RenderRampingColorRectangle@80 10025f20 f   TestImageRenderer.obj
 0001:00025080       _RenderRandomSubBlockRectangle@28 10026080 f   TestImageRenderer.obj
 0001:00025110       _RenderRampingGradientColorRectangle@32 10026110 f   TestImageRenderer.obj
 0001:00025270       _RenderLinearGradients@32  10026270 f   TestImageRenderer.obj
 0001:000255e0       ?random_at_most@@YGJJ@Z    100265e0 f   TestImageRenderer.obj
 0001:00025630       ?rrand2@@YGHHH@Z           10026630 f   TestImageRenderer.obj
 0001:00025660       ?RandomColor@@YGXPAE000@Z  10026660 f   TestImageRenderer.obj
 0001:000256b0       ?ConstrainedRandomColor@@YGXPAEEE0EE0EE0EE@Z 100266b0 f   TestImageRenderer.obj
 0001:00025710       ?ColorInterval@@YGXIINHPAI@Z 10026710 f   TestImageRenderer.obj
 0001:00025880       ?GradientIndexFromGradientRange@@YGHPAXHH@Z 10026880 f   TestImageRenderer.obj
 0001:000258f0       ?BitCountTable2@@YGHE@Z    100268f0 f   Utilities.obj
 0001:00025910       _BitCount@4                10026910 f   Utilities.obj
 0001:00025950       _BitCountTable@4           10026950 f   Utilities.obj
 0001:00025962       _SysAllocString@4          10026962 f   oleaut32:OLEAUT32.dll
 0001:00025970       ??_U@YAPAXI@Z              10026970 f   MSVCRTD:new_array.obj
 0001:00025990       ??_V@YAXPAX@Z              10026990 f   MSVCRTD:delete_array.obj
 0001:000259b0       ??2@YAPAXI@Z               100269b0 f   MSVCRTD:new_scalar.obj
 0001:00025a00       __ftol2_sse                10026a00 f   MSVCRTD:_ftol2_.obj
 0001:00025a09       __ftol2_pentium4           10026a09 f   MSVCRTD:_ftol2_.obj
 0001:00025a1c       __ftol2_sse_excpt          10026a1c f   MSVCRTD:_ftol2_.obj
 0001:00025a40       __ftol2                    10026a40 f   MSVCRTD:_ftol2_.obj
 0001:00025ac0       ??3@YAXPAXI@Z              10026ac0 f   MSVCRTD:delete_scalar_size.obj
 0001:00025f80       __CRT_INIT@12              10026f80 f   MSVCRTD:dll_dllmain.obj
 0001:00025fa0       __DllMainCRTStartup@12     10026fa0 f   MSVCRTD:dll_dllmain.obj
 0001:00025fd0       ??3@YAXPAX@Z               10026fd0 f   MSVCRTD:delete_scalar.obj
 0001:00025ff0       ??0bad_alloc@std@@AAE@QBD@Z 10026ff0 f i MSVCRTD:throw_bad_alloc.obj
 0001:00026020       ??0bad_alloc@std@@QAE@ABV01@@Z 10027020 f i MSVCRTD:throw_bad_alloc.obj
 0001:00026050       ??0bad_alloc@std@@QAE@XZ   10027050 f i MSVCRTD:throw_bad_alloc.obj
 0001:00026080       ??0bad_array_new_length@std@@QAE@ABV01@@Z 10027080 f i MSVCRTD:throw_bad_alloc.obj
 0001:000260b0       ??0bad_array_new_length@std@@QAE@XZ 100270b0 f i MSVCRTD:throw_bad_alloc.obj
 0001:000260e0       ??0exception@std@@QAE@ABV01@@Z 100270e0 f i MSVCRTD:throw_bad_alloc.obj
 0001:00026120       ??0exception@std@@QAE@QBDH@Z 10027120 f i MSVCRTD:throw_bad_alloc.obj
 0001:00026150       ??1bad_alloc@std@@UAE@XZ   10027150 f i MSVCRTD:throw_bad_alloc.obj
 0001:00026170       ??1bad_array_new_length@std@@UAE@XZ 10027170 f i MSVCRTD:throw_bad_alloc.obj
 0001:00026190       ??1exception@std@@UAE@XZ   10027190 f i MSVCRTD:throw_bad_alloc.obj
 0001:000261c0       ??_Ebad_alloc@std@@UAEPAXI@Z 100271c0 f i MSVCRTD:throw_bad_alloc.obj
 0001:000261c0       ??_Gbad_alloc@std@@UAEPAXI@Z 100271c0 f i MSVCRTD:throw_bad_alloc.obj
 0001:000261f0       ??_Ebad_array_new_length@std@@UAEPAXI@Z 100271f0 f i MSVCRTD:throw_bad_alloc.obj
 0001:000261f0       ??_Gbad_array_new_length@std@@UAEPAXI@Z 100271f0 f i MSVCRTD:throw_bad_alloc.obj
 0001:00026220       ??_Eexception@std@@UAEPAXI@Z 10027220 f i MSVCRTD:throw_bad_alloc.obj
 0001:00026220       ??_Gexception@std@@UAEPAXI@Z 10027220 f i MSVCRTD:throw_bad_alloc.obj
 0001:00026250       ?__scrt_throw_std_bad_alloc@@YAXXZ 10027250 f   MSVCRTD:throw_bad_alloc.obj
 0001:00026270       ?__scrt_throw_std_bad_array_new_length@@YAXXZ 10027270 f   MSVCRTD:throw_bad_alloc.obj
 0001:00026290       ?what@exception@std@@UBEPBDXZ 10027290 f i MSVCRTD:throw_bad_alloc.obj
 0001:000262c0       ___isa_available_init      100272c0 f   MSVCRTD:_cpu_disp_.obj
 0001:00026610       ___security_init_cookie    10027610 f   MSVCRTD:gs_support.obj
 0001:00026690       ?__scrt_initialize_type_info@@YAXXZ 10027690 f   MSVCRTD:tncleanup.obj
 0001:000266a0       ?__scrt_uninitialize_type_info@@YAXXZ 100276a0 f   MSVCRTD:tncleanup.obj
 0001:000266c0       ___local_stdio_scanf_options 100276c0 f i MSVCRTD:default_local_stdio_options.obj
 0001:000266d0       ___scrt_initialize_default_local_stdio_options 100276d0 f   MSVCRTD:default_local_stdio_options.obj
 0001:00026710       ??$__crt_fast_decode_pointer@PAP6AXXZ@@YAPAP6AXXZQAP6AXXZ@Z 10027710 f i MSVCRTD:utility.obj
 0001:00026740       ??$__crt_fast_encode_pointer@PAP6AXXZ@@YAPAP6AXXZQAP6AXXZ@Z 10027740 f i MSVCRTD:utility.obj
 0001:00026770       ?__crt_rotate_pointer_value@@YAIIH@Z 10027770 f i MSVCRTD:utility.obj
 0001:00026780       ?configure_argv@__scrt_narrow_argv_policy@@SAHXZ 10027780 f i MSVCRTD:utility.obj
 0001:00026830       ?initialize_environment@__scrt_narrow_environment_policy@@SAHXZ 10027830 f i MSVCRTD:utility.obj
 0001:000268b0       _NtCurrentTeb              100278b0 f i MSVCRTD:utility.obj
 0001:000268c0       ___scrt_acquire_startup_lock 100278c0 f   MSVCRTD:utility.obj
 0001:00026910       ___scrt_dllmain_after_initialize_c 10027910 f   MSVCRTD:utility.obj
 0001:00026940       ___scrt_dllmain_before_initialize_c 10027940 f   MSVCRTD:utility.obj
 0001:00026960       ___scrt_dllmain_crt_thread_attach 10027960 f   MSVCRTD:utility.obj
 0001:00026990       ___scrt_dllmain_crt_thread_detach 10027990 f   MSVCRTD:utility.obj
 0001:000269b0       ___scrt_dllmain_exception_filter 100279b0 f   MSVCRTD:utility.obj
 0001:00026a00       ___scrt_dllmain_uninitialize_c 10027a00 f   MSVCRTD:utility.obj
 0001:00026a30       ___scrt_dllmain_uninitialize_critical 10027a30 f   MSVCRTD:utility.obj
 0001:00026a50       ___scrt_initialize_crt     10027a50 f   MSVCRTD:utility.obj
 0001:00026aa0       ___scrt_initialize_onexit_tables 10027aa0 f   MSVCRTD:utility.obj
 0001:00026b80       ___scrt_is_nonwritable_in_current_image 10027b80 f   MSVCRTD:utility.obj
 0001:00026cb0       ___scrt_release_startup_lock 10027cb0 f   MSVCRTD:utility.obj
 0001:00026ce0       ___scrt_uninitialize_crt   10027ce0 f   MSVCRTD:utility.obj
 0001:00026d20       __onexit                   10027d20 f   MSVCRTD:utility.obj
 0001:00026d90       _at_quick_exit             10027d90 f   MSVCRTD:utility.obj
 0001:00026de0       _atexit                    10027de0 f   MSVCRTD:utility.obj
 0001:00026e10       ___scrt_get_dyn_tls_init_callback 10027e10 f   MSVCRTD:dyn_tls_init.obj
 0001:00026e20       ___scrt_fastfail           10027e20 f   MSVCRTD:utility_desktop.obj
 0001:00026f60       ___scrt_get_show_window_mode 10027f60 f   MSVCRTD:utility_desktop.obj
 0001:00026fa0       ___scrt_initialize_winrt   10027fa0 f   MSVCRTD:utility_desktop.obj
 0001:00026fb0       ___scrt_is_managed_app     10027fb0 f   MSVCRTD:utility_desktop.obj
 0001:00027040       ___scrt_set_unhandled_exception_filter 10028040 f   MSVCRTD:utility_desktop.obj
 0001:00027050       ___scrt_unhandled_exception_filter@4 10028050 f   MSVCRTD:utility_desktop.obj
 0001:000270b0       __crt_debugger_hook        100280b0 f   MSVCRTD:utility_desktop.obj
 0001:000270c0       __RTC_Initialize           100280c0 f   MSVCRTD:_initsect_.obj
 0001:000270f0       __RTC_Terminate            100280f0 f   MSVCRTD:_initsect_.obj
 0001:00027120       @_guard_check_icall@4      10028120 f i MSVCRTD:checkcfg.obj
 0001:00027140       __except_handler4          10028140 f   MSVCRTD:_chandler4gs_.obj
 0001:00027170       ??1type_info@@UAE@XZ       10028170 f   MSVCRTD:std_type_info_static.obj
 0001:00027190       ??_Etype_info@@UAEPAXI@Z   10028190 f i MSVCRTD:std_type_info_static.obj
 0001:00027190       ??_Gtype_info@@UAEPAXI@Z   10028190 f i MSVCRTD:std_type_info_static.obj
 0001:000271c0       @__security_check_cookie@4 100281c0 f   MSVCRTD:_secchk_.obj
 0001:000271e0       __get_startup_argv_mode    100281e0 f   MSVCRTD:argv_mode.obj
 0001:000271f0       ___scrt_is_ucrt_dll_in_use 100281f0 f   MSVCRTD:ucrt_detection.obj
 0001:00027220       @_guard_check_icall_nop@4  10028220 f i MSVCRTD:guard_support.obj
 0001:00027230       _ReadNoFence               10028230 f i MSVCRTD:guard_support.obj
 0001:00027250       _ReadPointerNoFence        10028250 f i MSVCRTD:guard_support.obj
 0001:00027270       __guard_icall_checks_enforced 10028270 f i MSVCRTD:guard_support.obj
 0001:000272a0       ___raise_securityfailure   100282a0 f   MSVCRTD:gs_report.obj
 0001:000272d0       ___report_gsfailure        100282d0 f   MSVCRTD:gs_report.obj
 0001:000273e0       ___report_rangecheckfailure 100283e0 f   MSVCRTD:gs_report.obj
 0001:000273f0       ___report_securityfailure  100283f0 f   MSVCRTD:gs_report.obj
 0001:000274d0       ___report_securityfailureEx 100284d0 f   MSVCRTD:gs_report.obj
 0001:000275f5       _memmove                   100285f5 f   vcruntimed:VCRUNTIME140D.dll
 0001:000275fb       _memcpy                    100285fb f   vcruntimed:VCRUNTIME140D.dll
 0001:00027601       _memset                    10028601 f   vcruntimed:VCRUNTIME140D.dll
 0001:00027607       _memchr                    10028607 f   vcruntimed:VCRUNTIME140D.dll
 0001:0002760d       ___std_exception_copy      1002860d f   vcruntimed:VCRUNTIME140D.dll
 0001:00027613       ___std_exception_destroy   10028613 f   vcruntimed:VCRUNTIME140D.dll
 0001:00027619       __CxxThrowException@8      10028619 f   vcruntimed:VCRUNTIME140D.dll
 0001:0002761f       ___std_type_info_destroy_list 1002861f f   vcruntimed:VCRUNTIME140D.dll
 0001:00027625       __except_handler4_common   10028625 f   vcruntimed:VCRUNTIME140D.dll
 0001:0002762b       _qsort                     1002862b f   ucrtd:ucrtbased.dll
 0001:00027631       __invalid_parameter_noinfo 10028631 f   ucrtd:ucrtbased.dll
 0001:00027637       __errno                    10028637 f   ucrtd:ucrtbased.dll
 0001:0002763d       _srand                     1002863d f   ucrtd:ucrtbased.dll
 0001:00027643       _rand                      10028643 f   ucrtd:ucrtbased.dll
 0001:00027649       __libm_sse2_pow_precise    10028649 f   ucrtd:ucrtbased.dll
 0001:0002764f       __libm_sse2_sqrt_precise   1002864f f   ucrtd:ucrtbased.dll
 0001:00027655       __CIfmod                   10028655 f   ucrtd:ucrtbased.dll
 0001:0002765b       __libm_sse2_atan_precise   1002865b f   ucrtd:ucrtbased.dll
 0001:00027661       __libm_sse2_tan_precise    10028661 f   ucrtd:ucrtbased.dll
 0001:00027667       _floor                     10028667 f   ucrtd:ucrtbased.dll
 0001:0002766d       _rand_s                    1002866d f   ucrtd:ucrtbased.dll
 0001:00027673       _acosh                     10028673 f   ucrtd:ucrtbased.dll
 0001:00027679       _asinh                     10028679 f   ucrtd:ucrtbased.dll
 0001:0002767f       _atanh                     1002867f f   ucrtd:ucrtbased.dll
 0001:00027685       _log2                      10028685 f   ucrtd:ucrtbased.dll
 0001:0002768b       __CIcosh                   1002868b f   ucrtd:ucrtbased.dll
 0001:00027691       __CIsinh                   10028691 f   ucrtd:ucrtbased.dll
 0001:00027697       __CItanh                   10028697 f   ucrtd:ucrtbased.dll
 0001:0002769d       __libm_sse2_acos_precise   1002869d f   ucrtd:ucrtbased.dll
 0001:000276a3       __libm_sse2_asin_precise   100286a3 f   ucrtd:ucrtbased.dll
 0001:000276a9       __libm_sse2_cos_precise    100286a9 f   ucrtd:ucrtbased.dll
 0001:000276af       __libm_sse2_log10_precise  100286af f   ucrtd:ucrtbased.dll
 0001:000276b5       __libm_sse2_log_precise    100286b5 f   ucrtd:ucrtbased.dll
 0001:000276bb       __libm_sse2_sin_precise    100286bb f   ucrtd:ucrtbased.dll
 0001:000276c1       _roundf                    100286c1 f   ucrtd:ucrtbased.dll
 0001:000276c7       ___stdio_common_vsprintf   100286c7 f   ucrtd:ucrtbased.dll
 0001:000276cd       _strcpy_s                  100286cd f   ucrtd:ucrtbased.dll
 0001:000276d3       __callnewh                 100286d3 f   ucrtd:ucrtbased.dll
 0001:000276d9       _malloc                    100286d9 f   ucrtd:ucrtbased.dll
 0001:000276df       __initterm                 100286df f   ucrtd:ucrtbased.dll
 0001:000276e5       __initterm_e               100286e5 f   ucrtd:ucrtbased.dll
 0001:000276eb       __free_dbg                 100286eb f   ucrtd:ucrtbased.dll
 0001:000276f1       __seh_filter_dll           100286f1 f   ucrtd:ucrtbased.dll
 0001:000276f7       __configure_narrow_argv    100286f7 f   ucrtd:ucrtbased.dll
 0001:000276fd       __initialize_narrow_environment 100286fd f   ucrtd:ucrtbased.dll
 0001:00027703       __initialize_onexit_table  10028703 f   ucrtd:ucrtbased.dll
 0001:00027709       __register_onexit_function 10028709 f   ucrtd:ucrtbased.dll
 0001:0002770f       __execute_onexit_table     1002870f f   ucrtd:ucrtbased.dll
 0001:00027715       __crt_atexit               10028715 f   ucrtd:ucrtbased.dll
 0001:0002771b       __crt_at_quick_exit        1002871b f   ucrtd:ucrtbased.dll
 0001:00027721       __cexit                    10028721 f   ucrtd:ucrtbased.dll
 0001:00027727       _terminate                 10028727 f   ucrtd:ucrtbased.dll
 0001:0002772d       _IsProcessorFeaturePresent@4 1002872d f   kernel32:KERNEL32.dll
 0001:00027733       _QueryPerformanceCounter@4 10028733 f   kernel32:KERNEL32.dll
 0001:00027739       _GetCurrentProcessId@0     10028739 f   kernel32:KERNEL32.dll
 0001:0002773f       _GetCurrentThreadId@0      1002873f f   kernel32:KERNEL32.dll
 0001:00027745       _GetSystemTimeAsFileTime@4 10028745 f   kernel32:KERNEL32.dll
 0001:0002774b       _InitializeSListHead@4     1002874b f   kernel32:KERNEL32.dll
 0001:00027751       _IsDebuggerPresent@0       10028751 f   kernel32:KERNEL32.dll
 0001:00027757       _UnhandledExceptionFilter@4 10028757 f   kernel32:KERNEL32.dll
 0001:0002775d       _SetUnhandledExceptionFilter@4 1002875d f   kernel32:KERNEL32.dll
 0001:00027763       _GetStartupInfoW@4         10028763 f   kernel32:KERNEL32.dll
 0001:00027769       _GetModuleHandleW@4        10028769 f   kernel32:KERNEL32.dll
 0001:0002776f       _GetCurrentProcess@0       1002876f f   kernel32:KERNEL32.dll
 0001:00027775       _TerminateProcess@8        10028775 f   kernel32:KERNEL32.dll
 0001:00027780       ___acrt_initialize         10028780 f   MSVCRTD:ucrt_stubs.obj
 0001:00027780       ___vcrt_initialize         10028780 f   MSVCRTD:ucrt_stubs.obj
 0001:00027780       ___scrt_stub_for_acrt_initialize 10028780 f   MSVCRTD:ucrt_stubs.obj
 0001:00027790       ___vcrt_thread_attach      10028790 f   MSVCRTD:ucrt_stubs.obj
 0001:00027790       ___acrt_thread_attach      10028790 f   MSVCRTD:ucrt_stubs.obj
 0001:00027790       ___scrt_stub_for_acrt_thread_attach 10028790 f   MSVCRTD:ucrt_stubs.obj
 0001:000277a0       ___acrt_thread_detach      100287a0 f   MSVCRTD:ucrt_stubs.obj
 0001:000277a0       ___vcrt_thread_detach      100287a0 f   MSVCRTD:ucrt_stubs.obj
 0001:000277a0       ___scrt_stub_for_acrt_thread_detach 100287a0 f   MSVCRTD:ucrt_stubs.obj
 0001:000277b0       ___acrt_uninitialize       100287b0 f   MSVCRTD:ucrt_stubs.obj
 0001:000277b0       ___scrt_stub_for_acrt_uninitialize 100287b0 f   MSVCRTD:ucrt_stubs.obj
 0001:000277b0       ___vcrt_uninitialize       100287b0 f   MSVCRTD:ucrt_stubs.obj
 0001:000277c0       ___scrt_stub_for_acrt_uninitialize_critical 100287c0 f   MSVCRTD:ucrt_stubs.obj
 0001:000277c0       ___acrt_uninitialize_critical 100287c0 f   MSVCRTD:ucrt_stubs.obj
 0001:000277c0       ___vcrt_uninitialize_critical 100287c0 f   MSVCRTD:ucrt_stubs.obj
 0001:000277d0       __is_c_termination_complete 100287d0 f   MSVCRTD:ucrt_stubs.obj
 0001:000277d0       ___scrt_stub_for_is_c_termination_complete 100287d0 f   MSVCRTD:ucrt_stubs.obj
 0002:00000000       __imp__IsDebuggerPresent@0 10029000     kernel32:KERNEL32.dll
 0002:00000004       __imp__TerminateProcess@8  10029004     kernel32:KERNEL32.dll
 0002:00000008       __imp__GetCurrentProcess@0 10029008     kernel32:KERNEL32.dll
 0002:0000000c       __imp__GetModuleHandleW@4  1002900c     kernel32:KERNEL32.dll
 0002:00000010       __imp__GetStartupInfoW@4   10029010     kernel32:KERNEL32.dll
 0002:00000014       __imp__SetUnhandledExceptionFilter@4 10029014     kernel32:KERNEL32.dll
 0002:00000018       __imp__UnhandledExceptionFilter@4 10029018     kernel32:KERNEL32.dll
 0002:0000001c       __imp__IsProcessorFeaturePresent@4 1002901c     kernel32:KERNEL32.dll
 0002:00000020       __imp__InitializeSListHead@4 10029020     kernel32:KERNEL32.dll
 0002:00000024       __imp__GetSystemTimeAsFileTime@4 10029024     kernel32:KERNEL32.dll
 0002:00000028       __imp__GetCurrentThreadId@0 10029028     kernel32:KERNEL32.dll
 0002:0000002c       __imp__GetCurrentProcessId@0 1002902c     kernel32:KERNEL32.dll
 0002:00000030       __imp__QueryPerformanceCounter@4 10029030     kernel32:KERNEL32.dll
 0002:00000034       \177KERNEL32_NULL_THUNK_DATA 10029034     kernel32:KERNEL32.dll
 0002:00000038       __imp__SysAllocString@4    10029038     oleaut32:OLEAUT32.dll
 0002:0000003c       \177OLEAUT32_NULL_THUNK_DATA 1002903c     oleaut32:OLEAUT32.dll
 0002:00000040       __imp__memset              10029040     vcruntimed:VCRUNTIME140D.dll
 0002:00000044       __imp__memchr              10029044     vcruntimed:VCRUNTIME140D.dll
 0002:00000048       __imp____std_exception_copy 10029048     vcruntimed:VCRUNTIME140D.dll
 0002:0000004c       __imp____std_exception_destroy 1002904c     vcruntimed:VCRUNTIME140D.dll
 0002:00000050       __imp___CxxThrowException@8 10029050     vcruntimed:VCRUNTIME140D.dll
 0002:00000054       __imp____std_type_info_destroy_list 10029054     vcruntimed:VCRUNTIME140D.dll
 0002:00000058       __imp___except_handler4_common 10029058     vcruntimed:VCRUNTIME140D.dll
 0002:0000005c       __imp__memmove             1002905c     vcruntimed:VCRUNTIME140D.dll
 0002:00000060       __imp__memcpy              10029060     vcruntimed:VCRUNTIME140D.dll
 0002:00000064       \177VCRUNTIME140D_NULL_THUNK_DATA 10029064     vcruntimed:VCRUNTIME140D.dll
 0002:00000068       __imp__atanh               10029068     ucrtd:ucrtbased.dll
 0002:0000006c       __imp__log2                1002906c     ucrtd:ucrtbased.dll
 0002:00000070       __imp___CIcosh             10029070     ucrtd:ucrtbased.dll
 0002:00000074       __imp___CIsinh             10029074     ucrtd:ucrtbased.dll
 0002:00000078       __imp___CItanh             10029078     ucrtd:ucrtbased.dll
 0002:0000007c       __imp___libm_sse2_acos_precise 1002907c     ucrtd:ucrtbased.dll
 0002:00000080       __imp___libm_sse2_asin_precise 10029080     ucrtd:ucrtbased.dll
 0002:00000084       __imp___libm_sse2_cos_precise 10029084     ucrtd:ucrtbased.dll
 0002:00000088       __imp___libm_sse2_log10_precise 10029088     ucrtd:ucrtbased.dll
 0002:0000008c       __imp___errno              1002908c     ucrtd:ucrtbased.dll
 0002:00000090       __imp___libm_sse2_sin_precise 10029090     ucrtd:ucrtbased.dll
 0002:00000094       __imp__roundf              10029094     ucrtd:ucrtbased.dll
 0002:00000098       __imp____stdio_common_vsprintf 10029098     ucrtd:ucrtbased.dll
 0002:0000009c       __imp__strcpy_s            1002909c     ucrtd:ucrtbased.dll
 0002:000000a0       __imp___callnewh           100290a0     ucrtd:ucrtbased.dll
 0002:000000a4       __imp__acosh               100290a4     ucrtd:ucrtbased.dll
 0002:000000a8       __imp___initterm           100290a8     ucrtd:ucrtbased.dll
 0002:000000ac       __imp___initterm_e         100290ac     ucrtd:ucrtbased.dll
 0002:000000b0       __imp___free_dbg           100290b0     ucrtd:ucrtbased.dll
 0002:000000b4       __imp___seh_filter_dll     100290b4     ucrtd:ucrtbased.dll
 0002:000000b8       __imp___configure_narrow_argv 100290b8     ucrtd:ucrtbased.dll
 0002:000000bc       __imp___initialize_narrow_environment 100290bc     ucrtd:ucrtbased.dll
 0002:000000c0       __imp___initialize_onexit_table 100290c0     ucrtd:ucrtbased.dll
 0002:000000c4       __imp___register_onexit_function 100290c4     ucrtd:ucrtbased.dll
 0002:000000c8       __imp___execute_onexit_table 100290c8     ucrtd:ucrtbased.dll
 0002:000000cc       __imp___crt_atexit         100290cc     ucrtd:ucrtbased.dll
 0002:000000d0       __imp___crt_at_quick_exit  100290d0     ucrtd:ucrtbased.dll
 0002:000000d4       __imp___cexit              100290d4     ucrtd:ucrtbased.dll
 0002:000000d8       __imp__terminate           100290d8     ucrtd:ucrtbased.dll
 0002:000000dc       __imp__rand_s              100290dc     ucrtd:ucrtbased.dll
 0002:000000e0       __imp___invalid_parameter_noinfo 100290e0     ucrtd:ucrtbased.dll
 0002:000000e4       __imp__qsort               100290e4     ucrtd:ucrtbased.dll
 0002:000000e8       __imp__asinh               100290e8     ucrtd:ucrtbased.dll
 0002:000000ec       __imp__floor               100290ec     ucrtd:ucrtbased.dll
 0002:000000f0       __imp___libm_sse2_tan_precise 100290f0     ucrtd:ucrtbased.dll
 0002:000000f4       __imp___libm_sse2_atan_precise 100290f4     ucrtd:ucrtbased.dll
 0002:000000f8       __imp___CIfmod             100290f8     ucrtd:ucrtbased.dll
 0002:000000fc       __imp___libm_sse2_sqrt_precise 100290fc     ucrtd:ucrtbased.dll
 0002:00000100       __imp___libm_sse2_pow_precise 10029100     ucrtd:ucrtbased.dll
 0002:00000104       __imp__rand                10029104     ucrtd:ucrtbased.dll
 0002:00000108       __imp__malloc              10029108     ucrtd:ucrtbased.dll
 0002:0000010c       __imp__srand               1002910c     ucrtd:ucrtbased.dll
 0002:00000110       __imp___libm_sse2_log_precise 10029110     ucrtd:ucrtbased.dll
 0002:00000114       \177ucrtbased_NULL_THUNK_DATA 10029114     ucrtd:ucrtbased.dll
 0002:00000118       ___guard_check_icall_fptr  10029118     MSVCRTD:guard_support.obj
 0002:0000011c       ___xc_a                    1002911c     MSVCRTD:initializers.obj
 0002:00000120       ___xc_z                    10029120     MSVCRTD:initializers.obj
 0002:00000124       ___xi_a                    10029124     MSVCRTD:initializers.obj
 0002:00000128       ___xi_z                    10029128     MSVCRTD:initializers.obj
 0002:0000012c       ___xp_a                    1002912c     MSVCRTD:initializers.obj
 0002:00000130       ___xp_z                    10029130     MSVCRTD:initializers.obj
 0002:00000134       ___xt_a                    10029134     MSVCRTD:initializers.obj
 0002:00000138       ___xt_z                    10029138     MSVCRTD:initializers.obj
 0002:00000780       __real@4024000000000000    10029780     Analyze.obj
 0002:00000788       __real@406fe00000000000    10029788     Analyze.obj
 0002:00000790       __real@408f400000000000    10029790     Analyze.obj
 0002:00000798       __real@bff0000000000000    10029798     Analyze.obj
 0002:00000860       __real@0000000000000000    10029860     Channels.obj
 0002:00000868       __real@3ff0000000000000    10029868     Channels.obj
 0002:00000870       __real@4000000000000000    10029870     Channels.obj
 0002:00000878       __real@403e000000000000    10029878     Channels.obj
 0002:00000880       __real@4076800000000000    10029880     Channels.obj
 0002:00000890       __xmm@7fffffffffffffff7fffffffffffffff 10029890     Channels.obj
 0002:000008a8       __real@3fb27bb2fec56d5d    100298a8     ColorBlender.obj
 0002:000008b0       __real@3fcb367a0f9096bc    100298b0     ColorBlender.obj
 0002:000008b8       __real@3fe6e2eb1c432ca5    100298b8     ColorBlender.obj
 0002:000008c0       __real@3f14c331564180ea    100298c0     Colors.obj
 0002:000008c8       __real@3f183265c4c442df    100298c8     Colors.obj
 0002:000008d0       __real@3f82231832fcac8e    100298d0     Colors.obj
 0002:000008d8       __real@3f93cc4ac6cdaf4b    100298d8     Colors.obj
 0002:000008e0       __real@3fa546d3f9e7b80b    100298e0     Colors.obj
 0002:000008e8       __real@3fac7de5082cf52c    100298e8     Colors.obj
 0002:000008f0       __real@3fb279aae6c8f755    100298f0     Colors.obj
 0002:000008f8       __real@3fb8106240000000    100298f8     Colors.obj
 0002:00000900       __real@3fbd2f1a9fbe76c9    10029900     Colors.obj
 0002:00000908       __real@3fbe836eb4e98138    10029908     Colors.obj
 0002:00000910       __real@3fc0876d44c95028    10029910     Colors.obj
 0002:00000918       __real@3fc45f57ce20d722    10029918     Colors.obj
 0002:00000920       __real@3fc4dd2f1a9fbe77    10029920     Colors.obj
 0002:00000928       __real@3fc71819d2391d58    10029928     Colors.obj
 0002:00000930       __real@3fc7ae147ae147ae    10029930     Colors.obj
 0002:00000938       __real@3fc999999999999a    10029938     Colors.obj
 0002:00000940       __real@3fc99999a0000000    10029940     Colors.obj
 0002:00000948       __real@3fca1e14bdfd2631    10029948     Colors.obj
 0002:00000950       __real@3fcb22d0e5604189    10029950     Colors.obj
 0002:00000958       __real@3fcb38cda6e75ff6    10029958     Colors.obj
 0002:00000960       __real@3fcbc6a7ef9db22d    10029960     Colors.obj
 0002:00000968       __real@3fd0000000000000    10029968     Colors.obj
 0002:00000970       __real@3fd1254339516894    10029970     Colors.obj
 0002:00000978       __real@3fd16a161e4f7660    10029978     Colors.obj
 0002:00000980       __real@3fd199999999999a    10029980     Colors.obj
 0002:00000988       __real@3fd322d0e5604189    10029988     Colors.obj
 0002:00000990       __real@3fd3e76c8b439581    10029990     Colors.obj
 0002:00000998       __real@3fd48b4395810625    10029998     Colors.obj
 0002:000009a0       __real@3fd5555555555555    100299a0     Colors.obj
 0002:000009a8       __real@3fd5810624dd2f1b    100299a8     Colors.obj
 0002:000009b0       __real@3fd6e297396d0918    100299b0     Colors.obj
 0002:000009b8       __real@3fd7df3b60000000    100299b8     Colors.obj
 0002:000009c0       __real@3fda65add9c27e95    100299c0     Colors.obj
 0002:000009c8       __real@3fdbe76c8b439581    100299c8     Colors.obj
 0002:000009d0       __real@3fde45a1cac08312    100299d0     Colors.obj
 0002:000009d8       __real@3fdfe7ff583a53b9    100299d8     Colors.obj
 0002:000009e0       __real@3fe0000000000000    100299e0     Colors.obj
 0002:000009e8       __real@3fe0bc6a7ef9db23    100299e8     Colors.obj
 0002:000009f0       __real@3fe0d446b9a7df89    100299f0     Colors.obj
 0002:000009f8       __real@3fe2c8b439581062    100299f8     Colors.obj
 0002:00000a00       __real@3fe3126e978d4fdf    10029a00     Colors.obj
 0002:00000a08       __real@3fe3333340000000    10029a08     Colors.obj
 0002:00000a10       __real@3fe3ae147ae147ae    10029a10     Colors.obj
 0002:00000a18       __real@3fe3df3b645a1cac    10029a18     Colors.obj
 0002:00000a20       __real@3fe4b780346dc5d6    10029a20     Colors.obj
 0002:00000a28       __real@3fe51eb860000000    10029a28     Colors.obj
 0002:00000a30       __real@3fe545f6ef991954    10029a30     Colors.obj
 0002:00000a38       __real@3fe65604189374bc    10029a38     Colors.obj
 0002:00000a40       __real@3fe6e297396d0918    10029a40     Colors.obj
 0002:00000a48       __real@3fe8000000000000    10029a48     Colors.obj
 0002:00000a50       __real@3feaa7ef9db22d0e    10029a50     Colors.obj
 0002:00000a58       __real@3fee68427418d691    10029a58     Colors.obj
 0002:00000a60       __real@3fee9a027525460b    10029a60     Colors.obj
 0002:00000a68       __real@3ff0eabef06b3786    10029a68     Colors.obj
 0002:00000a70       __real@3ff1b645a1cac083    10029a70     Colors.obj
 0002:00000a78       __real@3ff1db22d0e56042    10029a78     Colors.obj
 0002:00000a80       __real@3ff23cbe61cffeb0    10029a80     Colors.obj
 0002:00000a88       __real@3ff553f7ced91687    10029a88     Colors.obj
 0002:00000a90       __real@3ff5ef9db22d0e56    10029a90     Colors.obj
 0002:00000a98       __real@3ff8982a9930be0e    10029a98     Colors.obj
 0002:00000aa0       __real@3ffb460aa64c2f83    10029aa0     Colors.obj
 0002:00000aa8       __real@3ffbb645a1cac083    10029aa8     Colors.obj
 0002:00000ab0       __real@3ffccccccccccccd    10029ab0     Colors.obj
 0002:00000ab8       __real@3ffe04102ff8ec10    10029ab8     Colors.obj
 0002:00000ac0       __real@400041c2e33eff19    10029ac0     Colors.obj
 0002:00000ac8       __real@4008000000000000    10029ac8     Colors.obj
 0002:00000ad0       __real@4009ec804102ff8f    10029ad0     Colors.obj
 0002:00000ad8       __real@4010000000000000    10029ad8     Colors.obj
 0002:00000ae0       __real@4014000000000000    10029ae0     Colors.obj
 0002:00000ae8       __real@4018000000000000    10029ae8     Colors.obj
 0002:00000af0       __real@401921cac083126f    10029af0     Colors.obj
 0002:00000af8       __real@401f25e353f7ced9    10029af8     Colors.obj
 0002:00000b00       __real@4022000000000000    10029b00     Colors.obj
 0002:00000b08       __real@402e000000000000    10029b08     Colors.obj
 0002:00000b10       __real@4030000000000000    10029b10     Colors.obj
 0002:00000b18       __real@404e000000000000    10029b18     Colors.obj
 0002:00000b20       __real@4057c3020c49ba5e    10029b20     Colors.obj
 0002:00000b28       __real@4059000000000000    10029b28     Colors.obj
 0002:00000b30       __real@405d000000000000    10029b30     Colors.obj
 0002:00000b38       __real@405e000000000000    10029b38     Colors.obj
 0002:00000b40       __real@4060000000000000    10029b40     Colors.obj
 0002:00000b48       __real@4066800000000000    10029b48     Colors.obj
 0002:00000b50       __real@4069000000000000    10029b50     Colors.obj
 0002:00000b58       __real@406e000000000000    10029b58     Colors.obj
 0002:00000b60       __real@4072c00000000000    10029b60     Colors.obj
 0002:00000b68       __real@407f400000000000    10029b68     Colors.obj
 0002:00000b70       __real@bfb99a415f45e0b5    10029b70     Colors.obj
 0002:00000b78       __real@bfc2d527e5215769    10029b78     Colors.obj
 0002:00000b80       __real@bfd27caea747d806    10029b80     Colors.obj
 0002:00000b88       __real@bfd941f212d77319    10029b88     Colors.obj
 0002:00000b90       __real@bfdccccccccccccd    10029b90     Colors.obj
 0002:00000b98       __real@bfe07acc4ef88b97    10029b98     Colors.obj
 0002:00000ba0       __real@bfe294467381d7dc    10029ba0     Colors.obj
 0002:00000ba8       __real@bfef042528ae74f3    10029ba8     Colors.obj
 0002:00000bb0       __real@bff553f7ced91687    10029bb0     Colors.obj
 0002:00000bc0       __xmm@41f00000000000000000000000000000 10029bc0     Colors.obj
 0002:00000bd0       __xmm@80000000000000008000000000000000 10029bd0     Colors.obj
 0002:00001550       __real@3fb0000000000000    1002a550     Dither.obj
 0002:00001558       __real@3fc0000000000000    1002a558     Dither.obj
 0002:00001560       __real@3fc8000000000000    1002a560     Dither.obj
 0002:00001568       __real@3fd4000000000000    1002a568     Dither.obj
 0002:00001570       __real@3fd8000000000000    1002a570     Dither.obj
 0002:00001578       __real@3fdc000000000000    1002a578     Dither.obj
 0002:00001580       __real@7fefffffffffffff    1002a580     FullBufferFunctions.obj
 0002:00001588       __real@3fb95810624dd2f2    1002a588     Grayscale.obj
 0002:00001590       __real@3fbc28f5c28f5c29    1002a590     Grayscale.obj
 0002:00001598       __real@3fd3333333333333    1002a598     Grayscale.obj
 0002:000015a0       __real@3fe2e147ae147ae1    1002a5a0     Grayscale.obj
 0002:000015a8       __real@4070000000000000    1002a5a8     Histogram.obj
 0002:000015b0       __real@3fe6aaaaaaaaaaab    1002a5b0     HSLAdjustments.obj
 0002:000015b8       __real@3fc0c49ba5e353f8    1002a5b8     ImageManipulation.obj
 0002:000015c0       __real@3fc5810624dd2f1b    1002a5c0     ImageManipulation.obj
 0002:000015c8       __real@3fc83126e978d4fe    1002a5c8     ImageManipulation.obj
 0002:000015d0       __real@3fd16872b020c49c    1002a5d0     ImageManipulation.obj
 0002:000015d8       __real@3fd65604189374bc    1002a5d8     ImageManipulation.obj
 0002:000015e0       __real@3fd926e978d4fdf4    1002a5e0     ImageManipulation.obj
 0002:000015e8       __real@3fe116872b020c4a    1002a5e8     ImageManipulation.obj
 0002:000015f0       __real@3fe5f3b645a1cac1    1002a5f0     ImageManipulation.obj
 0002:000015f8       __real@3fe89ba5e353f7cf    1002a5f8     ImageManipulation.obj
 0002:00001600       __real@3fd6666666666666    1002a600     IsolateHues.obj
 0002:00001608       __real@41efffffffe00000    1002a608     PixelMath.obj
 0002:00001610       __real@4026000000000000    1002a610     Quantization.obj
 0002:00001820       __real@3ff921fb54524550    1002a820     Rotations.obj
 0002:00001828       __real@4056800000000000    1002a828     Rotations.obj
 0002:00001830       __real@c056800000000000    1002a830     Rotations.obj
 0002:00001c54       __pRawDllMain              1002ac54     MSVCRTD:dll_dllmain.obj
 0002:00001c54       __pDefaultRawDllMain       1002ac54     MSVCRTD:dll_dllmain.obj
 0002:00001c5c       ??_7exception@std@@6B@     1002ac5c     MSVCRTD:throw_bad_alloc.obj
 0002:00001c64       ??_C@_0BC@EOODALEL@Unknown?5exception?$AA@ 1002ac64     MSVCRTD:throw_bad_alloc.obj
 0002:00001c7c       ??_7bad_alloc@std@@6B@     1002ac7c     MSVCRTD:throw_bad_alloc.obj
 0002:00001c84       ??_C@_0P@GHFPNOJB@bad?5allocation?$AA@ 1002ac84     MSVCRTD:throw_bad_alloc.obj
 0002:00001c98       ??_7bad_array_new_length@std@@6B@ 1002ac98     MSVCRTD:throw_bad_alloc.obj
 0002:00001ca0       ??_C@_0BF@KINCDENJ@bad?5array?5new?5length?$AA@ 1002aca0     MSVCRTD:throw_bad_alloc.obj
 0002:00001cbc       ??_7type_info@@6B@         1002acbc     MSVCRTD:std_type_info_static.obj
 0002:00001d28       __load_config_used         1002ad28     MSVCRTD:loadcfg.obj
 0002:00001dc8       ??_R4exception@std@@6B@    1002adc8     MSVCRTD:throw_bad_alloc.obj
 0002:00001ddc       ??_R3exception@std@@8      1002addc     MSVCRTD:throw_bad_alloc.obj
 0002:00001dec       ??_R2exception@std@@8      1002adec     MSVCRTD:throw_bad_alloc.obj
 0002:00001df4       ??_R1A@?0A@EA@exception@std@@8 1002adf4     MSVCRTD:throw_bad_alloc.obj
 0002:00001e10       ??_R4bad_alloc@std@@6B@    1002ae10     MSVCRTD:throw_bad_alloc.obj
 0002:00001e24       ??_R3bad_alloc@std@@8      1002ae24     MSVCRTD:throw_bad_alloc.obj
 0002:00001e34       ??_R2bad_alloc@std@@8      1002ae34     MSVCRTD:throw_bad_alloc.obj
 0002:00001e40       ??_R1A@?0A@EA@bad_alloc@std@@8 1002ae40     MSVCRTD:throw_bad_alloc.obj
 0002:00001e5c       ??_R4bad_array_new_length@std@@6B@ 1002ae5c     MSVCRTD:throw_bad_alloc.obj
 0002:00001e70       ??_R3bad_array_new_length@std@@8 1002ae70     MSVCRTD:throw_bad_alloc.obj
 0002:00001e80       ??_R2bad_array_new_length@std@@8 1002ae80     MSVCRTD:throw_bad_alloc.obj
 0002:00001e90       ??_R1A@?0A@EA@bad_array_new_length@std@@8 1002ae90     MSVCRTD:throw_bad_alloc.obj
 0002:00001eac       ??_R4type_info@@6B@        1002aeac     MSVCRTD:std_type_info_static.obj
 0002:00001ec0       ??_R3type_info@@8          1002aec0     MSVCRTD:std_type_info_static.obj
 0002:00001ed0       ??_R2type_info@@8          1002aed0     MSVCRTD:std_type_info_static.obj
 0002:00001ed8       ??_R1A@?0A@EA@type_info@@8 1002aed8     MSVCRTD:std_type_info_static.obj
 0002:00001f00       ___safe_se_handler_table   1002af00     <linker-defined>
 0002:000021cc       ___rtc_iaa                 1002b1cc     MSVCRTD:_initsect_.obj
 0002:000021d0       ___rtc_izz                 1002b1d0     MSVCRTD:_initsect_.obj
 0002:000021d4       ___rtc_taa                 1002b1d4     MSVCRTD:_initsect_.obj
 0002:000021d8       ___rtc_tzz                 1002b1d8     MSVCRTD:_initsect_.obj
 0002:0000223c       __TI2?AVbad_alloc@std@@    1002b23c     MSVCRTD:throw_bad_alloc.obj
 0002:0000224c       __CTA2?AVbad_alloc@std@@   1002b24c     MSVCRTD:throw_bad_alloc.obj
 0002:00002258       __CT??_R0?AVbad_alloc@std@@@8??0bad_alloc@std@@QAE@ABV01@@Z12 1002b258     MSVCRTD:throw_bad_alloc.obj
 0002:00002274       __CT??_R0?AVexception@std@@@8??0exception@std@@QAE@ABV01@@Z12 1002b274     MSVCRTD:throw_bad_alloc.obj
 0002:00002290       __TI3?AVbad_array_new_length@std@@ 1002b290     MSVCRTD:throw_bad_alloc.obj
 0002:000022a0       __CTA3?AVbad_array_new_length@std@@ 1002b2a0     MSVCRTD:throw_bad_alloc.obj
 0002:000022b0       __CT??_R0?AVbad_array_new_length@std@@@8??0bad_array_new_length@std@@QAE@ABV01@@Z12 1002b2b0     MSVCRTD:throw_bad_alloc.obj
 0002:00004a74       __IMPORT_DESCRIPTOR_OLEAUT32 1002da74     oleaut32:OLEAUT32.dll
 0002:00004a88       __IMPORT_DESCRIPTOR_VCRUNTIME140D 1002da88     vcruntimed:VCRUNTIME140D.dll
 0002:00004a9c       __IMPORT_DESCRIPTOR_ucrtbased 1002da9c     ucrtd:ucrtbased.dll
 0002:00004ab0       __IMPORT_DESCRIPTOR_KERNEL32 1002dab0     kernel32:KERNEL32.dll
 0002:00004ac4       __NULL_IMPORT_DESCRIPTOR   1002dac4     oleaut32:OLEAUT32.dll
 0003:00000000       ?Masks@@3PAEA              1002f000     Steganography2.obj
 0003:00000008       ?ReverseMasks@@3PAEA       1002f008     Steganography2.obj
 0003:00000010       ?MarkerID@@3PAEA           1002f010     Steganography2.obj
 0003:00000020       ?BitCounts@@3PAEA          1002f020     Utilities.obj
 0003:00000120       __fltused                  1002f120     MSVCRTD:fltused.obj
 0003:00000130       ___isa_enabled             1002f130     MSVCRTD:_cpu_disp_.obj
 0003:00000134       ___scrt_native_dllmain_reason 1002f134     MSVCRTD:utility.obj
 0003:00000138       ___security_cookie         1002f138     MSVCRTD:gs_cookie.obj
 0003:0000013c       ___security_cookie_complement 1002f13c     MSVCRTD:gs_cookie.obj
 0003:00000140       ___scrt_ucrt_dll_is_in_use 1002f140     MSVCRTD:ucrt_stubs.obj
 0003:00000144       ??_R0?AVbad_alloc@std@@@8  1002f144     MSVCRTD:throw_bad_alloc.obj
 0003:00000160       ??_R0?AVexception@std@@@8  1002f160     MSVCRTD:throw_bad_alloc.obj
 0003:0000017c       ??_R0?AVbad_array_new_length@std@@@8 1002f17c     MSVCRTD:throw_bad_alloc.obj
 0003:000001a4       ??_R0?AVtype_info@@@8      1002f1a4     MSVCRTD:std_type_info_static.obj
 0003:000001c0       ?ErrorStack@@3PAPAUErrorInfo@@A 1002f1c0     Stack.obj
 0003:00000350       ?Separator@@3PADA          1002f350     Stack.obj
 0003:000003b8       ?_OptionsStorage@?1??__local_stdio_printf_options@@9@4_KA 1002f3b8     Stack.obj
 0003:000003c4       ___isa_available           1002f3c4     MSVCRTD:_cpu_disp_.obj
 0003:000003c8       ___favor                   1002f3c8     MSVCRTD:_cpu_disp_.obj
 0003:000003d0       ?__type_info_root_node@@3U__type_info_node@@A 1002f3d0     MSVCRTD:tncleanup.obj
 0003:000003d8       ?_OptionsStorage@?1??__local_stdio_scanf_options@@9@4_KA 1002f3d8     MSVCRTD:default_local_stdio_options.obj
 0003:000003e0       ___scrt_current_native_startup_state 1002f3e0     MSVCRTD:utility.obj
 0003:000003e4       ___scrt_native_startup_lock 1002f3e4     MSVCRTD:utility.obj
 0003:00000404       ___scrt_debugger_hook_flag 1002f404     MSVCRTD:utility_desktop.obj
 0003:00000724       ___dyn_tls_init_callback   1002f724     <common>

 entry point at        0001:00025fa0

 Static symbols

 0000:fffce000       .debug$S                   10000000     ucrtd:ucrtbased.dll
 0000:fffce000       .debug$S                   10000000     ucrtd:ucrtbased.dll
 0000:fffce000       .debug$S                   10000000     ColorBlender.exp
 0000:fffce000       .debug$S                   10000000     ucrtd:ucrtbased.dll
 0000:fffce000       .debug$S                   10000000     ucrtd:ucrtbased.dll
 0000:fffce000       .debug$S                   10000000     ucrtd:ucrtbased.dll
 0000:fffce000       .debug$S                   10000000     ucrtd:ucrtbased.dll
 0000:fffce000       .debug$S                   10000000     ucrtd:ucrtbased.dll
 0000:fffce000       .debug$S                   10000000     ucrtd:ucrtbased.dll
 0000:fffce000       .debug$S                   10000000     ucrtd:ucrtbased.dll
 0000:fffce000       .debug$S                   10000000     ucrtd:ucrtbased.dll
 0000:fffce000       .debug$S                   10000000     ucrtd:ucrtbased.dll
 0000:fffce000       .debug$S                   10000000     ucrtd:ucrtbased.dll
 0000:fffce000       .debug$S                   10000000     ucrtd:ucrtbased.dll
 0000:fffce000       .debug$S                   10000000     ucrtd:ucrtbased.dll
 0000:fffce000       .debug$S                   10000000     ucrtd:ucrtbased.dll
 0000:fffce000       .debug$S                   10000000     ucrtd:ucrtbased.dll
 0000:fffce000       .debug$S                   10000000     ucrtd:ucrtbased.dll
 0000:fffce000       .debug$S                   10000000     ucrtd:ucrtbased.dll
 0000:fffce000       .debug$S                   10000000     ucrtd:ucrtbased.dll
 0000:fffce000       .debug$S                   10000000     ucrtd:ucrtbased.dll
 0000:fffce000       .debug$S                   10000000     ucrtd:ucrtbased.dll
 0000:fffce000       .debug$S                   10000000     ucrtd:ucrtbased.dll
 0000:fffce000       .debug$S                   10000000     ucrtd:ucrtbased.dll
 0000:fffce000       .debug$S                   10000000     ucrtd:ucrtbased.dll
 0000:fffce000       .debug$S                   10000000     ucrtd:ucrtbased.dll
 0000:fffce000       .debug$S                   10000000     ucrtd:ucrtbased.dll
 0000:fffce000       .debug$S                   10000000     ucrtd:ucrtbased.dll
 0000:fffce000       .debug$S                   10000000     ucrtd:ucrtbased.dll
 0000:fffce000       .debug$S                   10000000     ucrtd:ucrtbased.dll
 0000:fffce000       .debug$S                   10000000     ucrtd:ucrtbased.dll
 0000:fffce000       .debug$S                   10000000     ucrtd:ucrtbased.dll
 0000:fffce000       .debug$S                   10000000     ucrtd:ucrtbased.dll
 0000:fffce000       .debug$S                   10000000     ucrtd:ucrtbased.dll
 0000:fffce000       .debug$S                   10000000     ucrtd:ucrtbased.dll
 0000:fffce000       .debug$S                   10000000     ucrtd:ucrtbased.dll
 0000:fffce000       .debug$S                   10000000     vcruntimed:VCRUNTIME140D.dll
 0000:fffce000       .debug$S                   10000000     vcruntimed:VCRUNTIME140D.dll
 0000:fffce000       .debug$S                   10000000     vcruntimed:VCRUNTIME140D.dll
 0000:fffce000       .debug$S                   10000000     vcruntimed:VCRUNTIME140D.dll
 0000:fffce000       .debug$S                   10000000     vcruntimed:VCRUNTIME140D.dll
 0000:fffce000       .debug$S                   10000000     vcruntimed:VCRUNTIME140D.dll
 0000:fffce000       .debug$S                   10000000     vcruntimed:VCRUNTIME140D.dll
 0000:fffce000       .debug$S                   10000000     vcruntimed:VCRUNTIME140D.dll
 0000:fffce000       .debug$S                   10000000     vcruntimed:VCRUNTIME140D.dll
 0002:fffd7000       __guard_fids____scrt_set_unhandled_exception_filter 10000000     MSVCRTD:utility_desktop.obj
 0000:fffce000       .debug$S                   10000000     ucrtd:ucrtbased.dll
 0000:fffce000       .debug$S                   10000000     kernel32:KERNEL32.dll
 0000:fffce000       .debug$S                   10000000     kernel32:KERNEL32.dll
 0000:fffce000       .debug$S                   10000000     ucrtd:ucrtbased.dll
 0000:fffce000       .debug$S                   10000000     ucrtd:ucrtbased.dll
 0000:fffce000       .debug$S                   10000000     ucrtd:ucrtbased.dll
 0002:fffd7000       __guard_fids_?dllmain_dispatch@@YAHQAUHINSTANCE__@@KQAX@Z 10000000     MSVCRTD:dll_dllmain.obj
 0000:fffce000       .debug$S                   10000000     kernel32:KERNEL32.dll
 0000:fffce000       .debug$S                   10000000     kernel32:KERNEL32.dll
 0000:fffce000       .debug$S                   10000000     kernel32:KERNEL32.dll
 0000:fffce000       .debug$S                   10000000     kernel32:KERNEL32.dll
 0000:fffce000       .debug$S                   10000000     kernel32:KERNEL32.dll
 0000:fffce000       .debug$S                   10000000     kernel32:KERNEL32.dll
[...]
 0002:00004279       $N00235                    1002d279     ColorBlender.exp
 0002:00004288       $N00236                    1002d288     ColorBlender.exp
 0002:0000429f       $N00237                    1002d29f     ColorBlender.exp
 0002:000042bc       $N00238                    1002d2bc     ColorBlender.exp
 0002:000042d2       $N00239                    1002d2d2     ColorBlender.exp
 0002:000042f0       $N00240                    1002d2f0     ColorBlender.exp
 0002:00004300       $N00241                    1002d300     ColorBlender.exp
 0002:0000430d       $N00242                    1002d30d     ColorBlender.exp
 0002:0000431b       $N00243                    1002d31b     ColorBlender.exp
 0002:00004329       $N00244                    1002d329     ColorBlender.exp
 0002:00004336       $N00245                    1002d336     ColorBlender.exp
 0002:00004348       $N00246                    1002d348     ColorBlender.exp
 0002:00004355       $N00247                    1002d355     ColorBlender.exp
 0002:00004363       $N00248                    1002d363     ColorBlender.exp
 0002:00004370       $N00249                    1002d370     ColorBlender.exp
 0002:0000437d       $N00250                    1002d37d     ColorBlender.exp
 0002:0000438a       $N00251                    1002d38a     ColorBlender.exp
 0002:00004397       $N00252                    1002d397     ColorBlender.exp
 0002:000043a6       $N00253                    1002d3a6     ColorBlender.exp
 0002:000043b5       $N00254                    1002d3b5     ColorBlender.exp
 0002:000043c4       $N00255                    1002d3c4     ColorBlender.exp
 0002:000043d1       $N00256                    1002d3d1     ColorBlender.exp
 0002:000043de       $N00257                    1002d3de     ColorBlender.exp
 0002:000043eb       $N00258                    1002d3eb     ColorBlender.exp
 0002:00004401       $N00259                    1002d401     ColorBlender.exp
 0002:00004419       $N00260                    1002d419     ColorBlender.exp
 0002:00004431       $N00261                    1002d431     ColorBlender.exp
 0002:0000444e       $N00262                    1002d44e     ColorBlender.exp
 0002:0000445f       $N00263                    1002d45f     ColorBlender.exp
 0002:0000446e       $N00264                    1002d46e     ColorBlender.exp
 0002:0000447f       $N00265                    1002d47f     ColorBlender.exp
 0002:00004498       $N00266                    1002d498     ColorBlender.exp
 0002:000044af       $N00267                    1002d4af     ColorBlender.exp
 0002:000044c8       $N00268                    1002d4c8     ColorBlender.exp
 0002:000044dc       $N00269                    1002d4dc     ColorBlender.exp
 0002:000044f2       $N00270                    1002d4f2     ColorBlender.exp
 0002:00004508       $N00271                    1002d508     ColorBlender.exp
 0002:0000451c       $N00272                    1002d51c     ColorBlender.exp
 0002:00004532       $N00273                    1002d532     ColorBlender.exp
 0002:0000454c       $N00274                    1002d54c     ColorBlender.exp
 0002:0000456c       $N00275                    1002d56c     ColorBlender.exp
 0002:00004594       $N00276                    1002d594     ColorBlender.exp
 0002:000045b3       $N00277                    1002d5b3     ColorBlender.exp
 0002:000045d5       $N00278                    1002d5d5     ColorBlender.exp
 0002:000045e5       $N00279                    1002d5e5     ColorBlender.exp
 0002:000045fa       $N00280                    1002d5fa     ColorBlender.exp
 0002:0000460c       $N00281                    1002d60c     ColorBlender.exp
 0002:00004623       $N00282                    1002d623     ColorBlender.exp
 0002:0000463c       $N00283                    1002d63c     ColorBlender.exp
 0002:00004654       $N00284                    1002d654     ColorBlender.exp
 0002:0000466a       $N00285                    1002d66a     ColorBlender.exp
 0002:00004679       $N00286                    1002d679     ColorBlender.exp
 0002:0000468c       $N00287                    1002d68c     ColorBlender.exp
 0002:0000469e       $N00288                    1002d69e     ColorBlender.exp
 0002:000046b9       $N00289                    1002d6b9     ColorBlender.exp
 0002:000046d3       $N00290                    1002d6d3     ColorBlender.exp
 0002:000046e7       $N00291                    1002d6e7     ColorBlender.exp
 0002:000046fd       $N00292                    1002d6fd     ColorBlender.exp
 0002:00004713       $N00293                    1002d713     ColorBlender.exp
 0002:00004721       $N00294                    1002d721     ColorBlender.exp
 0002:00004735       $N00295                    1002d735     ColorBlender.exp
 0002:00004742       $N00296                    1002d742     ColorBlender.exp
 0002:0000475b       $N00297                    1002d75b     ColorBlender.exp
 0002:0000476f       $N00298                    1002d76f     ColorBlender.exp
 0002:0000478a       $N00299                    1002d78a     ColorBlender.exp
 0002:000047a0       $N00300                    1002d7a0     ColorBlender.exp
 0002:000047b0       $N00301                    1002d7b0     ColorBlender.exp
 0002:000047bd       $N00302                    1002d7bd     ColorBlender.exp
 0002:000047cd       $N00303                    1002d7cd     ColorBlender.exp
 0002:000047de       $N00304                    1002d7de     ColorBlender.exp
 0002:00004800       $N00305                    1002d800     ColorBlender.exp
 0002:00004816       $N00306                    1002d816     ColorBlender.exp
 0002:00004828       $N00307                    1002d828     ColorBlender.exp
 0002:0000483a       $N00308                    1002d83a     ColorBlender.exp
 0002:0000484b       $N00309                    1002d84b     ColorBlender.exp
 0002:00004866       $N00310                    1002d866     ColorBlender.exp
 0002:00004884       $N00311                    1002d884     ColorBlender.exp
 0002:00004894       $N00312                    1002d894     ColorBlender.exp
 0002:000048b1       $N00313                    1002d8b1     ColorBlender.exp
 0002:000048cb       $N00314                    1002d8cb     ColorBlender.exp
 0002:000048e6       $N00315                    1002d8e6     ColorBlender.exp
 0002:00004901       $N00316                    1002d901     ColorBlender.exp
 0002:0000491f       $N00317                    1002d91f     ColorBlender.exp
 0002:0000493e       $N00318                    1002d93e     ColorBlender.exp
 0002:0000495b       $N00319                    1002d95b     ColorBlender.exp
 0002:00004973       $N00320                    1002d973     ColorBlender.exp
 0002:00004988       $N00321                    1002d988     ColorBlender.exp
 0002:00004995       $N00322                    1002d995     ColorBlender.exp
 0002:000049a2       $N00323                    1002d9a2     ColorBlender.exp
 0002:000049b1       $N00324                    1002d9b1     ColorBlender.exp
 0002:000049c1       $N00325                    1002d9c1     ColorBlender.exp
 0002:000049d8       $N00326                    1002d9d8     ColorBlender.exp
 0002:000049f0       $N00327                    1002d9f0     ColorBlender.exp
 0002:00004a0e       $N00328                    1002da0e     ColorBlender.exp
 0002:00004a1e       $N00329                    1002da1e     ColorBlender.exp
 0002:00004a2b       $N00330                    1002da2b     ColorBlender.exp
 0002:00004a3a       $N00331                    1002da3a     ColorBlender.exp
 0002:00004a49       $N00332                    1002da49     ColorBlender.exp
 0002:00004a58       $N00333                    1002da58     ColorBlender.exp
 0002:00004a65       $N00334                    1002da65     ColorBlender.exp
 0002:00004bf0       .idata$6                   1002dbf0     oleaut32:OLEAUT32.dll
 0002:00004ca8       .idata$6                   1002dca8     vcruntimed:VCRUNTIME140D.dll
 0002:00004f9c       .idata$6                   1002df9c     ucrtd:ucrtbased.dll
 0002:000050d8       .idata$6                   1002e0d8     kernel32:KERNEL32.dll
 0003:000003c0       ?__proc_attached@@3HA      1002f3c0     MSVCRTD:dll_dllmain.obj
 0003:000003e8       ?module_local_atexit_table@@3U_onexit_table_t@@A 1002f3e8     MSVCRTD:utility.obj
 0003:000003f4       ?module_local_at_quick_exit_table@@3U_onexit_table_t@@A 1002f3f4     MSVCRTD:utility.obj
 0003:00000400       ?module_local_atexit_table_initialized@@3_NA 1002f400     MSVCRTD:utility.obj
 0003:00000401       ?is_initialized_as_dll@@3_NA 1002f401     MSVCRTD:utility.obj
 0003:00000408       _GS_ExceptionRecord        1002f408     MSVCRTD:gs_report.obj
 0003:00000458       _GS_ContextRecord          1002f458     MSVCRTD:gs_report.obj
 0004:00000060       $R000000                   10030060     * linker generated manifest res *

 Exports

  ordinal    name

        1    _AccumulateDoubleBlock@20
        2    _ActionByFrequency@68
        3    _AddBorder@40
        4    _AddData1@56
        5    _AddData2@48
        6    _AddData3@32
        7    _AddDataToRegion@72
        8    _AddString1@56
        9    _AddString2@48
       10    _AddString3@32
       11    _AddStringToRegion@72
       12    _AdjustHue@16
       13    _AdjustImageHSL@44
       14    _AdjustImageHSLValues@44
       15    _AdjustSaturation@28
       16    _AlignChannels2@32
       17    _AlignChannels@28
       18    _AlphaFromLuminance@24
       19    _AlphaMaskImage@24
       20    _AlphaSolarize@28
       21    _AlphaSolarizeImage2@28
       22    _AlphaSolarizeImage@28
       23    _ApplyBrightnessMap@24
       24    _ApplyChannelMasks2@56
       25    _ApplyChannelMasks@44
       26    _AssembleErrorStack@8
       27    _AssembleFromChannels2@32
       28    _AssembleFromChannels@28
       29    _AutoContrast@28
       30    _AutoContrastRegion@52
       31    _AutoSaturate@24
       32    _AutoSaturateRegion@48
       33    _BayerDemosaic@28
       34    _BilinearScaling@28
       35    _BitCount@4
       36    _BitCountTable@4
       37    _BlendColors@28
       38    _BrightestPixel@8
       39    _BrightnessMap@20
       40    _BrightnessMapRegion@44
       41    _BufferGrayscale@24
       42    _BufferGrayscaleRegion@48
       43    _BufferInverter2@52
       44    _BufferInverter3@24
       45    _BufferInverter4@68
       46    _BufferInverter@40
       47    _ByteBlockOperation@32
       48    _ByteBlockOperationByChannel@44
       49    _ByteBlocksOperation@32
       50    _BytesRequiredToFit@8
       51    _CIELABtoRGB@36
       52    _CIELABtoXYZ@36
       53    _CMYKtoCMY@44
       54    _CMYKtoRGB@44
       55    _CMYtoCMYK@40
       56    _CMYtoRGB@36
       57    _CanFit@48
       58    _CanPush@0
       59    _CardinalImageRotate@36
       60    _ChangeHue@16
       61    _ChannelMerge@28
       62    _ChannelMergeAlpha@32
       63    _ChannelMigrate@36
       64    _ChannelRollBits@32
       65    _ChannelShift@20
       66    _ChannelShiftBits@32
       67    _ChannelSwap2@28
       68    _ChannelSwap3@24
       69    _ChannelSwap4@36
       70    _ChannelSwap@28
       71    _CircularDouble360@8
       72    _CircularDouble@24
       73    _ClampHue@16
       74    _ClearBuffer2@20
       75    _ClearBuffer@80
       76    _ClearBufferDWord@16
       77    _ClearBufferRegion2@36
       78    _ClearBufferRegion@36
       79    _ClosestAlphaPixel@12
       80    _ClosestPixelLuminance@16
       81    _ColorLevels@24
       82    _ColorLevelsRegion@48
       83    _ColorLuminance2@16
       84    _ColorLuminance@12
       85    _ColorThreshold0@36
       86    _ColorThreshold2@44
       87    _ColorThreshold3@28
       88    _ColorThreshold@36
       89    _CombineChannels32@32
       90    _Compositor@24
       91    _ConditionalAlphaFromLuminance@36
       92    _ConvertBlockToDouble@20
       93    _ConvertColorSpace@24
       94    _ConvertGray8ToBGRA32@20
       95    _ConvolveWithKernel2@52
       96    _ConvolveWithKernel3@72
       97    _CopyBuffer2@16
       98    _CopyBuffer3@12
       99    _CopyBufferRegion@36
      100    _CopyBufferRegionPixel@32
      101    _CopyBufferToBuffer@20
      102    _CopyCircularBuffer@48
      103    _CopyHorizontalLine@28
      104    _CopyRegion@36
      105    _CopySubRegion@40
      106    _CopyVerticalLine@28
      107    _CountUniqueColors@16
      108    _CreateAlphaMaskFromLuminance@36
      109    _CreateBitMask@36
      110    _CreateHistogram@56
      111    _CreateHistogramRegion@72
      112    _CreateMask@44
      113    _CreateMaskFromLuminance@48
      114    _CropBuffer2@36
      115    _CropBuffer@36
      116    _DarkestPixel@8
      117    _DataMerge@48
      118    _Deinterlace@24
      119    _DoDither@28
      120    _DoubleBlockOperation@32
      121    _DrawAnyLine2@44
      122    _DrawAnyLine@56
      123    _DrawBlocks@28
      124    _DrawHorizontalLine@36
      125    _DrawLine@40
      126    _DrawRectangle2@32
      127    _DrawRectangle2_Validate@28
      128    _DrawRectangle@36
      129    _DrawRectangle_Validate@32
      130    _DrawVerticalLine@36
      131    _ErrorConstantToString@4
      132    _ErrorPop2@4
      133    _ErrorPop@0
      134    _ErrorStackClear@0
      135    _ErrorStackEmpty@0
      136    _ErrorStackFull@0
      137    _ErrorStackPush2@12
      138    _ErrorStackPush3@4
      139    _ErrorStackPush@8
      140    _ErrorStackPushReturn2@12
      141    _ErrorStackPushReturn@8
      142    _ErrorStackSize@0
      143    _ErrorStackTopIndex@0
      144    _ErrorTop2@4
      145    _ErrorTop@0
      146    _ExecuteDisplayList@24
      147    _ExtractScanLine@28
      148    _ExtractSteganographicHeader@12
      149    _FarthestAlphaPixel@12
      150    _FillBufferWithBuffer@36
      151    _FirstEmptyIndex@0
      152    _GammaCorrection@32
      153    _GetErrorStackCapacity@0
      154    _GetHSLImage@20
      155    _GetPixelAtLocation2@24
      156    _GetPixelAtLocation@20
      157    _GetPixelHue@12
      158    _GetPixelLuminance@12
      159    _GetPixelSaturation@12
      160    _GetSeparator@0
      161    _GetSteganographicType@8
      162    _Gradient@24
      163    _GrayLevels@24
      164    _GrayLevelsRegion@48
      165    _GreatestAlphaPixel@8
      166    _HSLBulkSet@56
      167    _HSLChannelMerge@28
      168    _HSLColorReduction@48
      169    _HSLConditionalModify@28
      170    _HSLtoNormalizedRGB@36
      171    _HSLtoRGB2@36
      172    _HSLtoRGB8@36
      173    _HSLtoRGB@36
      174    _HSVtoRGB@36
      175    _HighlightImageColor@44
      176    _HorizontalMirrorByte@28
      177    _HorizontalMirrorPixel@16
      178    _HorizontalMirrorPixelRegion@32
      179    _ImageCombine@24
      180    _ImageCrop@36
      181    _ImageDeltaComparison@24
      182    _ImageDeltaComparisonRegion@40
      183    _ImageHueShift@24
      184    _ImageMeanColor@20
      185    _ImageMeanColorRegion@36
      186    _ImageRotate90@24
      187    _ImageRotate@44
      188    _ImageRotateRight180@24
      189    _ImageRotateRight270@24
      190    _ImageRotateRight90@24
      191    _ImageRotateRightBy@28
      192    _ImageSplit@20
      193    _InPlaceReverseScanLine@8
      194    _InitializeErrorStack@4
      195    _InvertImage@24
      196    _InvertImageRegion@48
      197    _InvertLuminance@28
      198    _IsolateHues@44
      199    _LeastClosestPixelLuminance@16
      200    _LinearizeChannelsIntoImage@36
      201    _MakeRGBFromHSL@24
      202    _MaskByColor@32
      203    _MaskImageFromImageLuminance@36
      204    _MassImageArithmetic@32
      205    _MasterConvolveWithKernel@88
      206    _MeanImageColor2@28
      207    _MeanImageColor@20
      208    _MeanImageColorRegion@44
      209    _MeanImageColorValue@16
      210    _MeanPixel@8
      211    _MedianCut@20
      212    _MedianCutToIndexed@28
      213    _MedianPixel@8
      214    _MergePlanes2@24
      215    _MergePlanes3@24
      216    _MergePlanes4@28
      217    _MergePlanes@24
      218    _NearestNeighborScaling@28
      219    _NormalizedRGBtoHSL@36
      220    _Octree@28
      221    _OverallBrightness@16
      222    _OverlayGrid@28
      223    _PasteRegion2@40
      224    _PasteRegion3@32
      225    _PasteRegion4@40
      226    _PasteRegion@40
      227    _PixelChannelRollingLogicalOperation@36
      228    _PixelMathLogicalOperation@44
      229    _PixelMathOperation@48
      230    _PixelMigrate@24
      231    _PixelSum@8
      232    _PixelSumDouble@24
      233    _PopErrorCode@0
      234    _RGB8ToHSL@24
      235    _RGBCombine@32
      236    _RGBImageToHueImage@20
      237    _RGBImageToLuminanceImage@20
      238    _RGBImageToSLImage@20
      239    _RGBImageToSaturationImage@20
      240    _RGBtoCIELAB@36
      241    _RGBtoCMY@36
      242    _RGBtoCMYK@40
      243    _RGBtoHSL2@24
      244    _RGBtoHSL@36
      245    _RGBtoHSLtoRGB@20
      246    _RGBtoHSV@36
      247    _RGBtoHue2@12
      248    _RGBtoHue@24
      249    _RGBtoRYB@36
      250    _RGBtoTSL@36
      251    _RGBtoXYZ@36
      252    _RGBtoYCbCr@36
      253    _RGBtoYCgCo@36
      254    _RGBtoYDbDr@36
      255    _RGBtoYIQ@36
      256    _RGBtoYUV@36
      257    _RYBtoRGB@36
      258    _RandomChannelSwap@24
      259    _RandomizeImageBits1@44
      260    _RandomizeImageBits2@28
      261    _RandomizeImageBitsRegion@60
      262    _ReduceColor2@16
      263    _ReduceColor@8
      264    _ReduceColors@28
      265    _RegionBrightestColor@36
      266    _RegionDarkestColor@36
      267    _RegionLuminanceValue@36
      268    _RegionMeanColor@64
      269    _RegionMedianColor@36
      270    _RegionalOperation@48
      271    _RenderColorBlob@32
      272    _RenderDisplayList@24
      273    _RenderLinearGradients@32
      274    _RenderRampingColorRectangle@80
      275    _RenderRampingGradientColorRectangle@32
      276    _RenderRandomColorRectangle@52
      277    _RenderRandomSubBlockRectangle@28
      278    _RestrictHSL@44
      279    _RestrictHueRange@36
      280    _RestrictHues2@28
      281    _ReturnUniqueColors@24
      282    _RollingMeanChannels2@36
      283    _RollingMeanChannels@28
      284    _RotateBufferRight@32
      285    _ScaleImage@32
      286    _SegmentBlocks2@52
      287    _SegmentBlocks@72
      288    _SegmentDrawColorShape2@80
      289    _SegmentDrawColorShape@68
      290    _SegmentizeImage@40
      291    _SelectHSLChannels@40
      292    _SelectRGBChannels@36
      293    _SepiaTone@20
      294    _SepiaToneRegion@44
      295    _SetAlpha@20
      296    _SetAlphaByBrightness@24
      297    _SetAlphaChannel@24
      298    _SetAlphaChannelInPlace@20
      299    _SetPixelLuminance@20
      300    _SetSeparator@4
      301    _ShiftHue@16
      302    _ShuffleRows@28
      303    _SilhouetteIf@80
      304    _Silly_SwapSaturationLuminance@20
      305    _SmallestAlphaPixel@8
      306    _SolarizeImage@32
      307    _SortChannels2@32
      308    _SortChannels@32
      309    _SplitImageIntoChannels@32
      310    _SplitImageIntoHSLChannels@32
      311    _SquishImage@40
      312    _SteganographyAddConstant@60
      313    _SteganographyAddImage@72
      314    _SteganographyAddStream@68
      315    _SteganographyAddString@64
      316    _SteganographyFastAddImage@48
      317    _SteganographyFastAddString@40
      318    _SteganographyGetConstant@44
      319    _SteganographyPresent@8
      320    _SwapImageBuffers@20
      321    _SwapPixel@8
      322    _TSLtoRGB@36
      323    _ULtoLRByte@28
      324    _ULtoLRPixel@16
      325    _VerticalMirrorByte@28
      326    _VerticalMirrorPixel@16
      327    _VerticalMirrorPixelRegion@32
      328    _XYZtoCIELab@36
      329    _XYZtoRGB@36
      330    _YCbCrtoRGB@36
      331    _YCgCotoRGB@36
      332    _YDbDrToRGB@36
      333    _YIQtoRGB@36
      334    _YUVtoRGB@36
